// Vitest Snapshot v1, https://vitest.dev/guide/snapshot.html

exports[`Parsing '2
 + 3
 + 4' 1`] = `
{
  "childrenLengthInCodeParsed": 11,
  "spanCodeLengthLineChars16": 4,
  "spanCodeLengthNewlines": 2,
  "spanLeftOffsetCodeLenLineChars16": 0,
  "spanLeftOffsetCodeLenNewlines": 0,
  "spanLeftOffsetCodeOffsetCol16": 0,
  "spanLeftOffsetCodeOffsetLine": 0,
  "spanLeftOffsetCodeOffsetUtf8": 0,
  "statements": [
    {
      "expression": {
        "childrenLengthInCodeParsed": 11,
        "excess": [],
        "expressions": [
          {
            "expression": {
              "expression": {
                "base": undefined,
                "childrenLengthInCodeParsed": 1,
                "fractionalDigits": undefined,
                "integer": {
                  "base": undefined,
                  "codeLenLineChars16": 1,
                  "codeLenNewlines": 0,
                  "codeOffsetCol16": 3,
                  "codeOffsetLine": 1,
                  "codeOffsetUtf8": 5,
                  "leftOffsetCodeLenLineChars16": 0,
                  "leftOffsetCodeLenNewlines": 0,
                  "leftOffsetCodeOffsetCol16": 3,
                  "leftOffsetCodeOffsetLine": 1,
                  "leftOffsetCodeOffsetUtf8": 5,
                  "lengthInCodeBuffer": 1,
                  "startInCodeBuffer": 5,
                  "type": "Digits",
                  "whitespaceLengthInCodeBuffer": 0,
                  "whitespaceStartInCodeBuffer": 5,
                },
                "spanCodeLengthLineChars16": 1,
                "spanCodeLengthNewlines": 0,
                "spanLeftOffsetCodeLenLineChars16": 1,
                "spanLeftOffsetCodeLenNewlines": 0,
                "spanLeftOffsetCodeOffsetCol16": 2,
                "spanLeftOffsetCodeOffsetLine": 1,
                "spanLeftOffsetCodeOffsetUtf8": 4,
                "type": "Number",
                "whitespaceLengthInCodeParsed": 1,
                "whitespaceStartInCodeParsed": 4,
              },
              "operator": {
                "ok": true,
                "value": {
                  "codeLenLineChars16": 1,
                  "codeLenNewlines": 0,
                  "codeOffsetCol16": 1,
                  "codeOffsetLine": 1,
                  "codeOffsetUtf8": 3,
                  "leftOffsetCodeLenLineChars16": 1,
                  "leftOffsetCodeLenNewlines": 0,
                  "leftOffsetCodeOffsetCol16": 0,
                  "leftOffsetCodeOffsetLine": 1,
                  "leftOffsetCodeOffsetUtf8": 2,
                  "lengthInCodeBuffer": 1,
                  "startInCodeBuffer": 3,
                  "type": "Operator",
                  "whitespaceLengthInCodeBuffer": 1,
                  "whitespaceStartInCodeBuffer": 2,
                },
              },
            },
            "newline": {
              "codeLenLineChars16": 0,
              "codeLenNewlines": 1,
              "codeOffsetCol16": 1,
              "codeOffsetLine": 0,
              "codeOffsetUtf8": 1,
              "leftOffsetCodeLenLineChars16": 0,
              "leftOffsetCodeLenNewlines": 0,
              "leftOffsetCodeOffsetCol16": 1,
              "leftOffsetCodeOffsetLine": 0,
              "leftOffsetCodeOffsetUtf8": 1,
              "lengthInCodeBuffer": 1,
              "startInCodeBuffer": 1,
              "type": "Newline",
              "whitespaceLengthInCodeBuffer": 0,
              "whitespaceStartInCodeBuffer": 1,
            },
          },
          {
            "expression": {
              "expression": {
                "base": undefined,
                "childrenLengthInCodeParsed": 1,
                "fractionalDigits": undefined,
                "integer": {
                  "base": undefined,
                  "codeLenLineChars16": 1,
                  "codeLenNewlines": 0,
                  "codeOffsetCol16": 3,
                  "codeOffsetLine": 2,
                  "codeOffsetUtf8": 10,
                  "leftOffsetCodeLenLineChars16": 0,
                  "leftOffsetCodeLenNewlines": 0,
                  "leftOffsetCodeOffsetCol16": 3,
                  "leftOffsetCodeOffsetLine": 2,
                  "leftOffsetCodeOffsetUtf8": 10,
                  "lengthInCodeBuffer": 1,
                  "startInCodeBuffer": 10,
                  "type": "Digits",
                  "whitespaceLengthInCodeBuffer": 0,
                  "whitespaceStartInCodeBuffer": 10,
                },
                "spanCodeLengthLineChars16": 1,
                "spanCodeLengthNewlines": 0,
                "spanLeftOffsetCodeLenLineChars16": 1,
                "spanLeftOffsetCodeLenNewlines": 0,
                "spanLeftOffsetCodeOffsetCol16": 2,
                "spanLeftOffsetCodeOffsetLine": 2,
                "spanLeftOffsetCodeOffsetUtf8": 9,
                "type": "Number",
                "whitespaceLengthInCodeParsed": 1,
                "whitespaceStartInCodeParsed": 9,
              },
              "operator": {
                "ok": true,
                "value": {
                  "codeLenLineChars16": 1,
                  "codeLenNewlines": 0,
                  "codeOffsetCol16": 1,
                  "codeOffsetLine": 2,
                  "codeOffsetUtf8": 8,
                  "leftOffsetCodeLenLineChars16": 1,
                  "leftOffsetCodeLenNewlines": 0,
                  "leftOffsetCodeOffsetCol16": 0,
                  "leftOffsetCodeOffsetLine": 2,
                  "leftOffsetCodeOffsetUtf8": 7,
                  "lengthInCodeBuffer": 1,
                  "startInCodeBuffer": 8,
                  "type": "Operator",
                  "whitespaceLengthInCodeBuffer": 1,
                  "whitespaceStartInCodeBuffer": 7,
                },
              },
            },
            "newline": {
              "codeLenLineChars16": 0,
              "codeLenNewlines": 1,
              "codeOffsetCol16": 4,
              "codeOffsetLine": 1,
              "codeOffsetUtf8": 6,
              "leftOffsetCodeLenLineChars16": 0,
              "leftOffsetCodeLenNewlines": 0,
              "leftOffsetCodeOffsetCol16": 4,
              "leftOffsetCodeOffsetLine": 1,
              "leftOffsetCodeOffsetUtf8": 6,
              "lengthInCodeBuffer": 1,
              "startInCodeBuffer": 6,
              "type": "Newline",
              "whitespaceLengthInCodeBuffer": 0,
              "whitespaceStartInCodeBuffer": 6,
            },
          },
        ],
        "lhs": {
          "base": undefined,
          "childrenLengthInCodeParsed": 1,
          "fractionalDigits": undefined,
          "integer": {
            "base": undefined,
            "codeLenLineChars16": 1,
            "codeLenNewlines": 0,
            "codeOffsetCol16": 0,
            "codeOffsetLine": 0,
            "codeOffsetUtf8": 0,
            "leftOffsetCodeLenLineChars16": 0,
            "leftOffsetCodeLenNewlines": 0,
            "leftOffsetCodeOffsetCol16": 0,
            "leftOffsetCodeOffsetLine": 0,
            "leftOffsetCodeOffsetUtf8": 0,
            "lengthInCodeBuffer": 1,
            "startInCodeBuffer": 0,
            "type": "Digits",
            "whitespaceLengthInCodeBuffer": 0,
            "whitespaceStartInCodeBuffer": 0,
          },
          "spanCodeLengthLineChars16": 1,
          "spanCodeLengthNewlines": 0,
          "spanLeftOffsetCodeLenLineChars16": 0,
          "spanLeftOffsetCodeLenNewlines": 0,
          "spanLeftOffsetCodeOffsetCol16": 0,
          "spanLeftOffsetCodeOffsetLine": 0,
          "spanLeftOffsetCodeOffsetUtf8": 0,
          "type": "Number",
          "whitespaceLengthInCodeParsed": 0,
          "whitespaceStartInCodeParsed": 0,
        },
        "spanCodeLengthLineChars16": 4,
        "spanCodeLengthNewlines": 2,
        "spanLeftOffsetCodeLenLineChars16": 0,
        "spanLeftOffsetCodeLenNewlines": 0,
        "spanLeftOffsetCodeOffsetCol16": 0,
        "spanLeftOffsetCodeOffsetLine": 0,
        "spanLeftOffsetCodeOffsetUtf8": 0,
        "type": "OperatorBlockApplication",
        "whitespaceLengthInCodeParsed": 0,
        "whitespaceStartInCodeParsed": 0,
      },
      "newline": {
        "codeLenLineChars16": 0,
        "codeLenNewlines": 0,
        "codeOffsetCol16": 0,
        "codeOffsetLine": 0,
        "codeOffsetUtf8": 0,
        "leftOffsetCodeLenLineChars16": 0,
        "leftOffsetCodeLenNewlines": 0,
        "leftOffsetCodeOffsetCol16": 0,
        "leftOffsetCodeOffsetLine": 0,
        "leftOffsetCodeOffsetUtf8": 0,
        "lengthInCodeBuffer": 0,
        "startInCodeBuffer": 0,
        "type": "Newline",
        "whitespaceLengthInCodeBuffer": 0,
        "whitespaceStartInCodeBuffer": 0,
      },
    },
  ],
  "type": "BodyBlock",
  "whitespaceLengthInCodeParsed": 0,
  "whitespaceStartInCodeParsed": 0,
}
`;

exports[`Parsing 'Data.read
2 + 2' 1`] = `
{
  "childrenLengthInCodeParsed": 15,
  "spanCodeLengthLineChars16": 5,
  "spanCodeLengthNewlines": 1,
  "spanLeftOffsetCodeLenLineChars16": 0,
  "spanLeftOffsetCodeLenNewlines": 0,
  "spanLeftOffsetCodeOffsetCol16": 0,
  "spanLeftOffsetCodeOffsetLine": 0,
  "spanLeftOffsetCodeOffsetUtf8": 0,
  "statements": [
    {
      "expression": {
        "childrenLengthInCodeParsed": 9,
        "lhs": {
          "childrenLengthInCodeParsed": 4,
          "spanCodeLengthLineChars16": 4,
          "spanCodeLengthNewlines": 0,
          "spanLeftOffsetCodeLenLineChars16": 0,
          "spanLeftOffsetCodeLenNewlines": 0,
          "spanLeftOffsetCodeOffsetCol16": 0,
          "spanLeftOffsetCodeOffsetLine": 0,
          "spanLeftOffsetCodeOffsetUtf8": 0,
          "token": {
            "codeLenLineChars16": 4,
            "codeLenNewlines": 0,
            "codeOffsetCol16": 0,
            "codeOffsetLine": 0,
            "codeOffsetUtf8": 0,
            "isFree": false,
            "isOperatorLexically": false,
            "isTypeOrConstructor": true,
            "leftOffsetCodeLenLineChars16": 0,
            "leftOffsetCodeLenNewlines": 0,
            "leftOffsetCodeOffsetCol16": 0,
            "leftOffsetCodeOffsetLine": 0,
            "leftOffsetCodeOffsetUtf8": 0,
            "lengthInCodeBuffer": 4,
            "liftLevel": 0,
            "startInCodeBuffer": 0,
            "type": "Ident",
            "whitespaceLengthInCodeBuffer": 0,
            "whitespaceStartInCodeBuffer": 0,
          },
          "type": "Ident",
          "whitespaceLengthInCodeParsed": 0,
          "whitespaceStartInCodeParsed": 0,
        },
        "opr": {
          "ok": true,
          "value": {
            "codeLenLineChars16": 1,
            "codeLenNewlines": 0,
            "codeOffsetCol16": 4,
            "codeOffsetLine": 0,
            "codeOffsetUtf8": 4,
            "leftOffsetCodeLenLineChars16": 0,
            "leftOffsetCodeLenNewlines": 0,
            "leftOffsetCodeOffsetCol16": 4,
            "leftOffsetCodeOffsetLine": 0,
            "leftOffsetCodeOffsetUtf8": 4,
            "lengthInCodeBuffer": 1,
            "startInCodeBuffer": 4,
            "type": "Operator",
            "whitespaceLengthInCodeBuffer": 0,
            "whitespaceStartInCodeBuffer": 4,
          },
        },
        "rhs": {
          "childrenLengthInCodeParsed": 4,
          "spanCodeLengthLineChars16": 4,
          "spanCodeLengthNewlines": 0,
          "spanLeftOffsetCodeLenLineChars16": 0,
          "spanLeftOffsetCodeLenNewlines": 0,
          "spanLeftOffsetCodeOffsetCol16": 5,
          "spanLeftOffsetCodeOffsetLine": 0,
          "spanLeftOffsetCodeOffsetUtf8": 5,
          "token": {
            "codeLenLineChars16": 4,
            "codeLenNewlines": 0,
            "codeOffsetCol16": 5,
            "codeOffsetLine": 0,
            "codeOffsetUtf8": 5,
            "isFree": false,
            "isOperatorLexically": false,
            "isTypeOrConstructor": false,
            "leftOffsetCodeLenLineChars16": 0,
            "leftOffsetCodeLenNewlines": 0,
            "leftOffsetCodeOffsetCol16": 5,
            "leftOffsetCodeOffsetLine": 0,
            "leftOffsetCodeOffsetUtf8": 5,
            "lengthInCodeBuffer": 4,
            "liftLevel": 0,
            "startInCodeBuffer": 5,
            "type": "Ident",
            "whitespaceLengthInCodeBuffer": 0,
            "whitespaceStartInCodeBuffer": 5,
          },
          "type": "Ident",
          "whitespaceLengthInCodeParsed": 0,
          "whitespaceStartInCodeParsed": 5,
        },
        "spanCodeLengthLineChars16": 9,
        "spanCodeLengthNewlines": 0,
        "spanLeftOffsetCodeLenLineChars16": 0,
        "spanLeftOffsetCodeLenNewlines": 0,
        "spanLeftOffsetCodeOffsetCol16": 0,
        "spanLeftOffsetCodeOffsetLine": 0,
        "spanLeftOffsetCodeOffsetUtf8": 0,
        "type": "OprApp",
        "whitespaceLengthInCodeParsed": 0,
        "whitespaceStartInCodeParsed": 0,
      },
      "newline": {
        "codeLenLineChars16": 0,
        "codeLenNewlines": 0,
        "codeOffsetCol16": 0,
        "codeOffsetLine": 0,
        "codeOffsetUtf8": 0,
        "leftOffsetCodeLenLineChars16": 0,
        "leftOffsetCodeLenNewlines": 0,
        "leftOffsetCodeOffsetCol16": 0,
        "leftOffsetCodeOffsetLine": 0,
        "leftOffsetCodeOffsetUtf8": 0,
        "lengthInCodeBuffer": 0,
        "startInCodeBuffer": 0,
        "type": "Newline",
        "whitespaceLengthInCodeBuffer": 0,
        "whitespaceStartInCodeBuffer": 0,
      },
    },
    {
      "expression": {
        "childrenLengthInCodeParsed": 5,
        "lhs": {
          "base": undefined,
          "childrenLengthInCodeParsed": 1,
          "fractionalDigits": undefined,
          "integer": {
            "base": undefined,
            "codeLenLineChars16": 1,
            "codeLenNewlines": 0,
            "codeOffsetCol16": 0,
            "codeOffsetLine": 1,
            "codeOffsetUtf8": 10,
            "leftOffsetCodeLenLineChars16": 0,
            "leftOffsetCodeLenNewlines": 0,
            "leftOffsetCodeOffsetCol16": 0,
            "leftOffsetCodeOffsetLine": 1,
            "leftOffsetCodeOffsetUtf8": 10,
            "lengthInCodeBuffer": 1,
            "startInCodeBuffer": 10,
            "type": "Digits",
            "whitespaceLengthInCodeBuffer": 0,
            "whitespaceStartInCodeBuffer": 10,
          },
          "spanCodeLengthLineChars16": 1,
          "spanCodeLengthNewlines": 0,
          "spanLeftOffsetCodeLenLineChars16": 0,
          "spanLeftOffsetCodeLenNewlines": 0,
          "spanLeftOffsetCodeOffsetCol16": 0,
          "spanLeftOffsetCodeOffsetLine": 1,
          "spanLeftOffsetCodeOffsetUtf8": 10,
          "type": "Number",
          "whitespaceLengthInCodeParsed": 0,
          "whitespaceStartInCodeParsed": 10,
        },
        "opr": {
          "ok": true,
          "value": {
            "codeLenLineChars16": 1,
            "codeLenNewlines": 0,
            "codeOffsetCol16": 2,
            "codeOffsetLine": 1,
            "codeOffsetUtf8": 12,
            "leftOffsetCodeLenLineChars16": 1,
            "leftOffsetCodeLenNewlines": 0,
            "leftOffsetCodeOffsetCol16": 1,
            "leftOffsetCodeOffsetLine": 1,
            "leftOffsetCodeOffsetUtf8": 11,
            "lengthInCodeBuffer": 1,
            "startInCodeBuffer": 12,
            "type": "Operator",
            "whitespaceLengthInCodeBuffer": 1,
            "whitespaceStartInCodeBuffer": 11,
          },
        },
        "rhs": {
          "base": undefined,
          "childrenLengthInCodeParsed": 1,
          "fractionalDigits": undefined,
          "integer": {
            "base": undefined,
            "codeLenLineChars16": 1,
            "codeLenNewlines": 0,
            "codeOffsetCol16": 4,
            "codeOffsetLine": 1,
            "codeOffsetUtf8": 14,
            "leftOffsetCodeLenLineChars16": 0,
            "leftOffsetCodeLenNewlines": 0,
            "leftOffsetCodeOffsetCol16": 4,
            "leftOffsetCodeOffsetLine": 1,
            "leftOffsetCodeOffsetUtf8": 14,
            "lengthInCodeBuffer": 1,
            "startInCodeBuffer": 14,
            "type": "Digits",
            "whitespaceLengthInCodeBuffer": 0,
            "whitespaceStartInCodeBuffer": 14,
          },
          "spanCodeLengthLineChars16": 1,
          "spanCodeLengthNewlines": 0,
          "spanLeftOffsetCodeLenLineChars16": 1,
          "spanLeftOffsetCodeLenNewlines": 0,
          "spanLeftOffsetCodeOffsetCol16": 3,
          "spanLeftOffsetCodeOffsetLine": 1,
          "spanLeftOffsetCodeOffsetUtf8": 13,
          "type": "Number",
          "whitespaceLengthInCodeParsed": 1,
          "whitespaceStartInCodeParsed": 13,
        },
        "spanCodeLengthLineChars16": 5,
        "spanCodeLengthNewlines": 0,
        "spanLeftOffsetCodeLenLineChars16": 0,
        "spanLeftOffsetCodeLenNewlines": 0,
        "spanLeftOffsetCodeOffsetCol16": 0,
        "spanLeftOffsetCodeOffsetLine": 1,
        "spanLeftOffsetCodeOffsetUtf8": 10,
        "type": "OprApp",
        "whitespaceLengthInCodeParsed": 0,
        "whitespaceStartInCodeParsed": 10,
      },
      "newline": {
        "codeLenLineChars16": 0,
        "codeLenNewlines": 1,
        "codeOffsetCol16": 9,
        "codeOffsetLine": 0,
        "codeOffsetUtf8": 9,
        "leftOffsetCodeLenLineChars16": 0,
        "leftOffsetCodeLenNewlines": 0,
        "leftOffsetCodeOffsetCol16": 9,
        "leftOffsetCodeOffsetLine": 0,
        "leftOffsetCodeOffsetUtf8": 9,
        "lengthInCodeBuffer": 1,
        "startInCodeBuffer": 9,
        "type": "Newline",
        "whitespaceLengthInCodeBuffer": 0,
        "whitespaceStartInCodeBuffer": 9,
      },
    },
  ],
  "type": "BodyBlock",
  "whitespaceLengthInCodeParsed": 0,
  "whitespaceStartInCodeParsed": 0,
}
`;

exports[`Parsing 'Data.read "File"
2 + 3' 1`] = `
{
  "childrenLengthInCodeParsed": 22,
  "spanCodeLengthLineChars16": 5,
  "spanCodeLengthNewlines": 1,
  "spanLeftOffsetCodeLenLineChars16": 0,
  "spanLeftOffsetCodeLenNewlines": 0,
  "spanLeftOffsetCodeOffsetCol16": 0,
  "spanLeftOffsetCodeOffsetLine": 0,
  "spanLeftOffsetCodeOffsetUtf8": 0,
  "statements": [
    {
      "expression": {
        "arg": {
          "childrenLengthInCodeParsed": 6,
          "close": {
            "codeLenLineChars16": 1,
            "codeLenNewlines": 0,
            "codeOffsetCol16": 15,
            "codeOffsetLine": 0,
            "codeOffsetUtf8": 15,
            "leftOffsetCodeLenLineChars16": 0,
            "leftOffsetCodeLenNewlines": 0,
            "leftOffsetCodeOffsetCol16": 15,
            "leftOffsetCodeOffsetLine": 0,
            "leftOffsetCodeOffsetUtf8": 15,
            "lengthInCodeBuffer": 1,
            "startInCodeBuffer": 15,
            "type": "TextEnd",
            "whitespaceLengthInCodeBuffer": 0,
            "whitespaceStartInCodeBuffer": 15,
          },
          "elements": [
            {
              "text": {
                "codeLenLineChars16": 4,
                "codeLenNewlines": 0,
                "codeOffsetCol16": 11,
                "codeOffsetLine": 0,
                "codeOffsetUtf8": 11,
                "leftOffsetCodeLenLineChars16": 0,
                "leftOffsetCodeLenNewlines": 0,
                "leftOffsetCodeOffsetCol16": 11,
                "leftOffsetCodeOffsetLine": 0,
                "leftOffsetCodeOffsetUtf8": 11,
                "lengthInCodeBuffer": 4,
                "startInCodeBuffer": 11,
                "type": "TextSection",
                "whitespaceLengthInCodeBuffer": 0,
                "whitespaceStartInCodeBuffer": 11,
              },
              "type": "Section",
            },
          ],
          "newline": undefined,
          "open": {
            "codeLenLineChars16": 1,
            "codeLenNewlines": 0,
            "codeOffsetCol16": 10,
            "codeOffsetLine": 0,
            "codeOffsetUtf8": 10,
            "leftOffsetCodeLenLineChars16": 0,
            "leftOffsetCodeLenNewlines": 0,
            "leftOffsetCodeOffsetCol16": 10,
            "leftOffsetCodeOffsetLine": 0,
            "leftOffsetCodeOffsetUtf8": 10,
            "lengthInCodeBuffer": 1,
            "startInCodeBuffer": 10,
            "type": "TextStart",
            "whitespaceLengthInCodeBuffer": 0,
            "whitespaceStartInCodeBuffer": 10,
          },
          "spanCodeLengthLineChars16": 6,
          "spanCodeLengthNewlines": 0,
          "spanLeftOffsetCodeLenLineChars16": 1,
          "spanLeftOffsetCodeLenNewlines": 0,
          "spanLeftOffsetCodeOffsetCol16": 9,
          "spanLeftOffsetCodeOffsetLine": 0,
          "spanLeftOffsetCodeOffsetUtf8": 9,
          "type": "TextLiteral",
          "whitespaceLengthInCodeParsed": 1,
          "whitespaceStartInCodeParsed": 9,
        },
        "childrenLengthInCodeParsed": 16,
        "func": {
          "childrenLengthInCodeParsed": 9,
          "lhs": {
            "childrenLengthInCodeParsed": 4,
            "spanCodeLengthLineChars16": 4,
            "spanCodeLengthNewlines": 0,
            "spanLeftOffsetCodeLenLineChars16": 0,
            "spanLeftOffsetCodeLenNewlines": 0,
            "spanLeftOffsetCodeOffsetCol16": 0,
            "spanLeftOffsetCodeOffsetLine": 0,
            "spanLeftOffsetCodeOffsetUtf8": 0,
            "token": {
              "codeLenLineChars16": 4,
              "codeLenNewlines": 0,
              "codeOffsetCol16": 0,
              "codeOffsetLine": 0,
              "codeOffsetUtf8": 0,
              "isFree": false,
              "isOperatorLexically": false,
              "isTypeOrConstructor": true,
              "leftOffsetCodeLenLineChars16": 0,
              "leftOffsetCodeLenNewlines": 0,
              "leftOffsetCodeOffsetCol16": 0,
              "leftOffsetCodeOffsetLine": 0,
              "leftOffsetCodeOffsetUtf8": 0,
              "lengthInCodeBuffer": 4,
              "liftLevel": 0,
              "startInCodeBuffer": 0,
              "type": "Ident",
              "whitespaceLengthInCodeBuffer": 0,
              "whitespaceStartInCodeBuffer": 0,
            },
            "type": "Ident",
            "whitespaceLengthInCodeParsed": 0,
            "whitespaceStartInCodeParsed": 0,
          },
          "opr": {
            "ok": true,
            "value": {
              "codeLenLineChars16": 1,
              "codeLenNewlines": 0,
              "codeOffsetCol16": 4,
              "codeOffsetLine": 0,
              "codeOffsetUtf8": 4,
              "leftOffsetCodeLenLineChars16": 0,
              "leftOffsetCodeLenNewlines": 0,
              "leftOffsetCodeOffsetCol16": 4,
              "leftOffsetCodeOffsetLine": 0,
              "leftOffsetCodeOffsetUtf8": 4,
              "lengthInCodeBuffer": 1,
              "startInCodeBuffer": 4,
              "type": "Operator",
              "whitespaceLengthInCodeBuffer": 0,
              "whitespaceStartInCodeBuffer": 4,
            },
          },
          "rhs": {
            "childrenLengthInCodeParsed": 4,
            "spanCodeLengthLineChars16": 4,
            "spanCodeLengthNewlines": 0,
            "spanLeftOffsetCodeLenLineChars16": 0,
            "spanLeftOffsetCodeLenNewlines": 0,
            "spanLeftOffsetCodeOffsetCol16": 5,
            "spanLeftOffsetCodeOffsetLine": 0,
            "spanLeftOffsetCodeOffsetUtf8": 5,
            "token": {
              "codeLenLineChars16": 4,
              "codeLenNewlines": 0,
              "codeOffsetCol16": 5,
              "codeOffsetLine": 0,
              "codeOffsetUtf8": 5,
              "isFree": false,
              "isOperatorLexically": false,
              "isTypeOrConstructor": false,
              "leftOffsetCodeLenLineChars16": 0,
              "leftOffsetCodeLenNewlines": 0,
              "leftOffsetCodeOffsetCol16": 5,
              "leftOffsetCodeOffsetLine": 0,
              "leftOffsetCodeOffsetUtf8": 5,
              "lengthInCodeBuffer": 4,
              "liftLevel": 0,
              "startInCodeBuffer": 5,
              "type": "Ident",
              "whitespaceLengthInCodeBuffer": 0,
              "whitespaceStartInCodeBuffer": 5,
            },
            "type": "Ident",
            "whitespaceLengthInCodeParsed": 0,
            "whitespaceStartInCodeParsed": 5,
          },
          "spanCodeLengthLineChars16": 9,
          "spanCodeLengthNewlines": 0,
          "spanLeftOffsetCodeLenLineChars16": 0,
          "spanLeftOffsetCodeLenNewlines": 0,
          "spanLeftOffsetCodeOffsetCol16": 0,
          "spanLeftOffsetCodeOffsetLine": 0,
          "spanLeftOffsetCodeOffsetUtf8": 0,
          "type": "OprApp",
          "whitespaceLengthInCodeParsed": 0,
          "whitespaceStartInCodeParsed": 0,
        },
        "spanCodeLengthLineChars16": 16,
        "spanCodeLengthNewlines": 0,
        "spanLeftOffsetCodeLenLineChars16": 0,
        "spanLeftOffsetCodeLenNewlines": 0,
        "spanLeftOffsetCodeOffsetCol16": 0,
        "spanLeftOffsetCodeOffsetLine": 0,
        "spanLeftOffsetCodeOffsetUtf8": 0,
        "type": "App",
        "whitespaceLengthInCodeParsed": 0,
        "whitespaceStartInCodeParsed": 0,
      },
      "newline": {
        "codeLenLineChars16": 0,
        "codeLenNewlines": 0,
        "codeOffsetCol16": 0,
        "codeOffsetLine": 0,
        "codeOffsetUtf8": 0,
        "leftOffsetCodeLenLineChars16": 0,
        "leftOffsetCodeLenNewlines": 0,
        "leftOffsetCodeOffsetCol16": 0,
        "leftOffsetCodeOffsetLine": 0,
        "leftOffsetCodeOffsetUtf8": 0,
        "lengthInCodeBuffer": 0,
        "startInCodeBuffer": 0,
        "type": "Newline",
        "whitespaceLengthInCodeBuffer": 0,
        "whitespaceStartInCodeBuffer": 0,
      },
    },
    {
      "expression": {
        "childrenLengthInCodeParsed": 5,
        "lhs": {
          "base": undefined,
          "childrenLengthInCodeParsed": 1,
          "fractionalDigits": undefined,
          "integer": {
            "base": undefined,
            "codeLenLineChars16": 1,
            "codeLenNewlines": 0,
            "codeOffsetCol16": 0,
            "codeOffsetLine": 1,
            "codeOffsetUtf8": 17,
            "leftOffsetCodeLenLineChars16": 0,
            "leftOffsetCodeLenNewlines": 0,
            "leftOffsetCodeOffsetCol16": 0,
            "leftOffsetCodeOffsetLine": 1,
            "leftOffsetCodeOffsetUtf8": 17,
            "lengthInCodeBuffer": 1,
            "startInCodeBuffer": 17,
            "type": "Digits",
            "whitespaceLengthInCodeBuffer": 0,
            "whitespaceStartInCodeBuffer": 17,
          },
          "spanCodeLengthLineChars16": 1,
          "spanCodeLengthNewlines": 0,
          "spanLeftOffsetCodeLenLineChars16": 0,
          "spanLeftOffsetCodeLenNewlines": 0,
          "spanLeftOffsetCodeOffsetCol16": 0,
          "spanLeftOffsetCodeOffsetLine": 1,
          "spanLeftOffsetCodeOffsetUtf8": 17,
          "type": "Number",
          "whitespaceLengthInCodeParsed": 0,
          "whitespaceStartInCodeParsed": 17,
        },
        "opr": {
          "ok": true,
          "value": {
            "codeLenLineChars16": 1,
            "codeLenNewlines": 0,
            "codeOffsetCol16": 2,
            "codeOffsetLine": 1,
            "codeOffsetUtf8": 19,
            "leftOffsetCodeLenLineChars16": 1,
            "leftOffsetCodeLenNewlines": 0,
            "leftOffsetCodeOffsetCol16": 1,
            "leftOffsetCodeOffsetLine": 1,
            "leftOffsetCodeOffsetUtf8": 18,
            "lengthInCodeBuffer": 1,
            "startInCodeBuffer": 19,
            "type": "Operator",
            "whitespaceLengthInCodeBuffer": 1,
            "whitespaceStartInCodeBuffer": 18,
          },
        },
        "rhs": {
          "base": undefined,
          "childrenLengthInCodeParsed": 1,
          "fractionalDigits": undefined,
          "integer": {
            "base": undefined,
            "codeLenLineChars16": 1,
            "codeLenNewlines": 0,
            "codeOffsetCol16": 4,
            "codeOffsetLine": 1,
            "codeOffsetUtf8": 21,
            "leftOffsetCodeLenLineChars16": 0,
            "leftOffsetCodeLenNewlines": 0,
            "leftOffsetCodeOffsetCol16": 4,
            "leftOffsetCodeOffsetLine": 1,
            "leftOffsetCodeOffsetUtf8": 21,
            "lengthInCodeBuffer": 1,
            "startInCodeBuffer": 21,
            "type": "Digits",
            "whitespaceLengthInCodeBuffer": 0,
            "whitespaceStartInCodeBuffer": 21,
          },
          "spanCodeLengthLineChars16": 1,
          "spanCodeLengthNewlines": 0,
          "spanLeftOffsetCodeLenLineChars16": 1,
          "spanLeftOffsetCodeLenNewlines": 0,
          "spanLeftOffsetCodeOffsetCol16": 3,
          "spanLeftOffsetCodeOffsetLine": 1,
          "spanLeftOffsetCodeOffsetUtf8": 20,
          "type": "Number",
          "whitespaceLengthInCodeParsed": 1,
          "whitespaceStartInCodeParsed": 20,
        },
        "spanCodeLengthLineChars16": 5,
        "spanCodeLengthNewlines": 0,
        "spanLeftOffsetCodeLenLineChars16": 0,
        "spanLeftOffsetCodeLenNewlines": 0,
        "spanLeftOffsetCodeOffsetCol16": 0,
        "spanLeftOffsetCodeOffsetLine": 1,
        "spanLeftOffsetCodeOffsetUtf8": 17,
        "type": "OprApp",
        "whitespaceLengthInCodeParsed": 0,
        "whitespaceStartInCodeParsed": 17,
      },
      "newline": {
        "codeLenLineChars16": 0,
        "codeLenNewlines": 1,
        "codeOffsetCol16": 16,
        "codeOffsetLine": 0,
        "codeOffsetUtf8": 16,
        "leftOffsetCodeLenLineChars16": 0,
        "leftOffsetCodeLenNewlines": 0,
        "leftOffsetCodeOffsetCol16": 16,
        "leftOffsetCodeOffsetLine": 0,
        "leftOffsetCodeOffsetUtf8": 16,
        "lengthInCodeBuffer": 1,
        "startInCodeBuffer": 16,
        "type": "Newline",
        "whitespaceLengthInCodeBuffer": 0,
        "whitespaceStartInCodeBuffer": 16,
      },
    },
  ],
  "type": "BodyBlock",
  "whitespaceLengthInCodeParsed": 0,
  "whitespaceStartInCodeParsed": 0,
}
`;

exports[`Parsing 'Data.read File
2 + 3' 1`] = `
{
  "childrenLengthInCodeParsed": 20,
  "spanCodeLengthLineChars16": 5,
  "spanCodeLengthNewlines": 1,
  "spanLeftOffsetCodeLenLineChars16": 0,
  "spanLeftOffsetCodeLenNewlines": 0,
  "spanLeftOffsetCodeOffsetCol16": 0,
  "spanLeftOffsetCodeOffsetLine": 0,
  "spanLeftOffsetCodeOffsetUtf8": 0,
  "statements": [
    {
      "expression": {
        "arg": {
          "childrenLengthInCodeParsed": 4,
          "spanCodeLengthLineChars16": 4,
          "spanCodeLengthNewlines": 0,
          "spanLeftOffsetCodeLenLineChars16": 1,
          "spanLeftOffsetCodeLenNewlines": 0,
          "spanLeftOffsetCodeOffsetCol16": 9,
          "spanLeftOffsetCodeOffsetLine": 0,
          "spanLeftOffsetCodeOffsetUtf8": 9,
          "token": {
            "codeLenLineChars16": 4,
            "codeLenNewlines": 0,
            "codeOffsetCol16": 10,
            "codeOffsetLine": 0,
            "codeOffsetUtf8": 10,
            "isFree": false,
            "isOperatorLexically": false,
            "isTypeOrConstructor": true,
            "leftOffsetCodeLenLineChars16": 0,
            "leftOffsetCodeLenNewlines": 0,
            "leftOffsetCodeOffsetCol16": 10,
            "leftOffsetCodeOffsetLine": 0,
            "leftOffsetCodeOffsetUtf8": 10,
            "lengthInCodeBuffer": 4,
            "liftLevel": 0,
            "startInCodeBuffer": 10,
            "type": "Ident",
            "whitespaceLengthInCodeBuffer": 0,
            "whitespaceStartInCodeBuffer": 10,
          },
          "type": "Ident",
          "whitespaceLengthInCodeParsed": 1,
          "whitespaceStartInCodeParsed": 9,
        },
        "childrenLengthInCodeParsed": 14,
        "func": {
          "childrenLengthInCodeParsed": 9,
          "lhs": {
            "childrenLengthInCodeParsed": 4,
            "spanCodeLengthLineChars16": 4,
            "spanCodeLengthNewlines": 0,
            "spanLeftOffsetCodeLenLineChars16": 0,
            "spanLeftOffsetCodeLenNewlines": 0,
            "spanLeftOffsetCodeOffsetCol16": 0,
            "spanLeftOffsetCodeOffsetLine": 0,
            "spanLeftOffsetCodeOffsetUtf8": 0,
            "token": {
              "codeLenLineChars16": 4,
              "codeLenNewlines": 0,
              "codeOffsetCol16": 0,
              "codeOffsetLine": 0,
              "codeOffsetUtf8": 0,
              "isFree": false,
              "isOperatorLexically": false,
              "isTypeOrConstructor": true,
              "leftOffsetCodeLenLineChars16": 0,
              "leftOffsetCodeLenNewlines": 0,
              "leftOffsetCodeOffsetCol16": 0,
              "leftOffsetCodeOffsetLine": 0,
              "leftOffsetCodeOffsetUtf8": 0,
              "lengthInCodeBuffer": 4,
              "liftLevel": 0,
              "startInCodeBuffer": 0,
              "type": "Ident",
              "whitespaceLengthInCodeBuffer": 0,
              "whitespaceStartInCodeBuffer": 0,
            },
            "type": "Ident",
            "whitespaceLengthInCodeParsed": 0,
            "whitespaceStartInCodeParsed": 0,
          },
          "opr": {
            "ok": true,
            "value": {
              "codeLenLineChars16": 1,
              "codeLenNewlines": 0,
              "codeOffsetCol16": 4,
              "codeOffsetLine": 0,
              "codeOffsetUtf8": 4,
              "leftOffsetCodeLenLineChars16": 0,
              "leftOffsetCodeLenNewlines": 0,
              "leftOffsetCodeOffsetCol16": 4,
              "leftOffsetCodeOffsetLine": 0,
              "leftOffsetCodeOffsetUtf8": 4,
              "lengthInCodeBuffer": 1,
              "startInCodeBuffer": 4,
              "type": "Operator",
              "whitespaceLengthInCodeBuffer": 0,
              "whitespaceStartInCodeBuffer": 4,
            },
          },
          "rhs": {
            "childrenLengthInCodeParsed": 4,
            "spanCodeLengthLineChars16": 4,
            "spanCodeLengthNewlines": 0,
            "spanLeftOffsetCodeLenLineChars16": 0,
            "spanLeftOffsetCodeLenNewlines": 0,
            "spanLeftOffsetCodeOffsetCol16": 5,
            "spanLeftOffsetCodeOffsetLine": 0,
            "spanLeftOffsetCodeOffsetUtf8": 5,
            "token": {
              "codeLenLineChars16": 4,
              "codeLenNewlines": 0,
              "codeOffsetCol16": 5,
              "codeOffsetLine": 0,
              "codeOffsetUtf8": 5,
              "isFree": false,
              "isOperatorLexically": false,
              "isTypeOrConstructor": false,
              "leftOffsetCodeLenLineChars16": 0,
              "leftOffsetCodeLenNewlines": 0,
              "leftOffsetCodeOffsetCol16": 5,
              "leftOffsetCodeOffsetLine": 0,
              "leftOffsetCodeOffsetUtf8": 5,
              "lengthInCodeBuffer": 4,
              "liftLevel": 0,
              "startInCodeBuffer": 5,
              "type": "Ident",
              "whitespaceLengthInCodeBuffer": 0,
              "whitespaceStartInCodeBuffer": 5,
            },
            "type": "Ident",
            "whitespaceLengthInCodeParsed": 0,
            "whitespaceStartInCodeParsed": 5,
          },
          "spanCodeLengthLineChars16": 9,
          "spanCodeLengthNewlines": 0,
          "spanLeftOffsetCodeLenLineChars16": 0,
          "spanLeftOffsetCodeLenNewlines": 0,
          "spanLeftOffsetCodeOffsetCol16": 0,
          "spanLeftOffsetCodeOffsetLine": 0,
          "spanLeftOffsetCodeOffsetUtf8": 0,
          "type": "OprApp",
          "whitespaceLengthInCodeParsed": 0,
          "whitespaceStartInCodeParsed": 0,
        },
        "spanCodeLengthLineChars16": 14,
        "spanCodeLengthNewlines": 0,
        "spanLeftOffsetCodeLenLineChars16": 0,
        "spanLeftOffsetCodeLenNewlines": 0,
        "spanLeftOffsetCodeOffsetCol16": 0,
        "spanLeftOffsetCodeOffsetLine": 0,
        "spanLeftOffsetCodeOffsetUtf8": 0,
        "type": "App",
        "whitespaceLengthInCodeParsed": 0,
        "whitespaceStartInCodeParsed": 0,
      },
      "newline": {
        "codeLenLineChars16": 0,
        "codeLenNewlines": 0,
        "codeOffsetCol16": 0,
        "codeOffsetLine": 0,
        "codeOffsetUtf8": 0,
        "leftOffsetCodeLenLineChars16": 0,
        "leftOffsetCodeLenNewlines": 0,
        "leftOffsetCodeOffsetCol16": 0,
        "leftOffsetCodeOffsetLine": 0,
        "leftOffsetCodeOffsetUtf8": 0,
        "lengthInCodeBuffer": 0,
        "startInCodeBuffer": 0,
        "type": "Newline",
        "whitespaceLengthInCodeBuffer": 0,
        "whitespaceStartInCodeBuffer": 0,
      },
    },
    {
      "expression": {
        "childrenLengthInCodeParsed": 5,
        "lhs": {
          "base": undefined,
          "childrenLengthInCodeParsed": 1,
          "fractionalDigits": undefined,
          "integer": {
            "base": undefined,
            "codeLenLineChars16": 1,
            "codeLenNewlines": 0,
            "codeOffsetCol16": 0,
            "codeOffsetLine": 1,
            "codeOffsetUtf8": 15,
            "leftOffsetCodeLenLineChars16": 0,
            "leftOffsetCodeLenNewlines": 0,
            "leftOffsetCodeOffsetCol16": 0,
            "leftOffsetCodeOffsetLine": 1,
            "leftOffsetCodeOffsetUtf8": 15,
            "lengthInCodeBuffer": 1,
            "startInCodeBuffer": 15,
            "type": "Digits",
            "whitespaceLengthInCodeBuffer": 0,
            "whitespaceStartInCodeBuffer": 15,
          },
          "spanCodeLengthLineChars16": 1,
          "spanCodeLengthNewlines": 0,
          "spanLeftOffsetCodeLenLineChars16": 0,
          "spanLeftOffsetCodeLenNewlines": 0,
          "spanLeftOffsetCodeOffsetCol16": 0,
          "spanLeftOffsetCodeOffsetLine": 1,
          "spanLeftOffsetCodeOffsetUtf8": 15,
          "type": "Number",
          "whitespaceLengthInCodeParsed": 0,
          "whitespaceStartInCodeParsed": 15,
        },
        "opr": {
          "ok": true,
          "value": {
            "codeLenLineChars16": 1,
            "codeLenNewlines": 0,
            "codeOffsetCol16": 2,
            "codeOffsetLine": 1,
            "codeOffsetUtf8": 17,
            "leftOffsetCodeLenLineChars16": 1,
            "leftOffsetCodeLenNewlines": 0,
            "leftOffsetCodeOffsetCol16": 1,
            "leftOffsetCodeOffsetLine": 1,
            "leftOffsetCodeOffsetUtf8": 16,
            "lengthInCodeBuffer": 1,
            "startInCodeBuffer": 17,
            "type": "Operator",
            "whitespaceLengthInCodeBuffer": 1,
            "whitespaceStartInCodeBuffer": 16,
          },
        },
        "rhs": {
          "base": undefined,
          "childrenLengthInCodeParsed": 1,
          "fractionalDigits": undefined,
          "integer": {
            "base": undefined,
            "codeLenLineChars16": 1,
            "codeLenNewlines": 0,
            "codeOffsetCol16": 4,
            "codeOffsetLine": 1,
            "codeOffsetUtf8": 19,
            "leftOffsetCodeLenLineChars16": 0,
            "leftOffsetCodeLenNewlines": 0,
            "leftOffsetCodeOffsetCol16": 4,
            "leftOffsetCodeOffsetLine": 1,
            "leftOffsetCodeOffsetUtf8": 19,
            "lengthInCodeBuffer": 1,
            "startInCodeBuffer": 19,
            "type": "Digits",
            "whitespaceLengthInCodeBuffer": 0,
            "whitespaceStartInCodeBuffer": 19,
          },
          "spanCodeLengthLineChars16": 1,
          "spanCodeLengthNewlines": 0,
          "spanLeftOffsetCodeLenLineChars16": 1,
          "spanLeftOffsetCodeLenNewlines": 0,
          "spanLeftOffsetCodeOffsetCol16": 3,
          "spanLeftOffsetCodeOffsetLine": 1,
          "spanLeftOffsetCodeOffsetUtf8": 18,
          "type": "Number",
          "whitespaceLengthInCodeParsed": 1,
          "whitespaceStartInCodeParsed": 18,
        },
        "spanCodeLengthLineChars16": 5,
        "spanCodeLengthNewlines": 0,
        "spanLeftOffsetCodeLenLineChars16": 0,
        "spanLeftOffsetCodeLenNewlines": 0,
        "spanLeftOffsetCodeOffsetCol16": 0,
        "spanLeftOffsetCodeOffsetLine": 1,
        "spanLeftOffsetCodeOffsetUtf8": 15,
        "type": "OprApp",
        "whitespaceLengthInCodeParsed": 0,
        "whitespaceStartInCodeParsed": 15,
      },
      "newline": {
        "codeLenLineChars16": 0,
        "codeLenNewlines": 1,
        "codeOffsetCol16": 14,
        "codeOffsetLine": 0,
        "codeOffsetUtf8": 14,
        "leftOffsetCodeLenLineChars16": 0,
        "leftOffsetCodeLenNewlines": 0,
        "leftOffsetCodeOffsetCol16": 14,
        "leftOffsetCodeOffsetLine": 0,
        "leftOffsetCodeOffsetUtf8": 14,
        "lengthInCodeBuffer": 1,
        "startInCodeBuffer": 14,
        "type": "Newline",
        "whitespaceLengthInCodeBuffer": 0,
        "whitespaceStartInCodeBuffer": 14,
      },
    },
  ],
  "type": "BodyBlock",
  "whitespaceLengthInCodeParsed": 0,
  "whitespaceStartInCodeParsed": 0,
}
`;

exports[`Parsing 'foo bar
' 1`] = `
{
  "childrenLengthInCodeParsed": 8,
  "spanCodeLengthLineChars16": 0,
  "spanCodeLengthNewlines": 1,
  "spanLeftOffsetCodeLenLineChars16": 0,
  "spanLeftOffsetCodeLenNewlines": 0,
  "spanLeftOffsetCodeOffsetCol16": 0,
  "spanLeftOffsetCodeOffsetLine": 0,
  "spanLeftOffsetCodeOffsetUtf8": 0,
  "statements": [
    {
      "expression": {
        "arg": {
          "childrenLengthInCodeParsed": 3,
          "spanCodeLengthLineChars16": 3,
          "spanCodeLengthNewlines": 0,
          "spanLeftOffsetCodeLenLineChars16": 1,
          "spanLeftOffsetCodeLenNewlines": 0,
          "spanLeftOffsetCodeOffsetCol16": 3,
          "spanLeftOffsetCodeOffsetLine": 0,
          "spanLeftOffsetCodeOffsetUtf8": 3,
          "token": {
            "codeLenLineChars16": 3,
            "codeLenNewlines": 0,
            "codeOffsetCol16": 4,
            "codeOffsetLine": 0,
            "codeOffsetUtf8": 4,
            "isFree": false,
            "isOperatorLexically": false,
            "isTypeOrConstructor": false,
            "leftOffsetCodeLenLineChars16": 0,
            "leftOffsetCodeLenNewlines": 0,
            "leftOffsetCodeOffsetCol16": 4,
            "leftOffsetCodeOffsetLine": 0,
            "leftOffsetCodeOffsetUtf8": 4,
            "lengthInCodeBuffer": 3,
            "liftLevel": 0,
            "startInCodeBuffer": 4,
            "type": "Ident",
            "whitespaceLengthInCodeBuffer": 0,
            "whitespaceStartInCodeBuffer": 4,
          },
          "type": "Ident",
          "whitespaceLengthInCodeParsed": 1,
          "whitespaceStartInCodeParsed": 3,
        },
        "childrenLengthInCodeParsed": 7,
        "func": {
          "childrenLengthInCodeParsed": 3,
          "spanCodeLengthLineChars16": 3,
          "spanCodeLengthNewlines": 0,
          "spanLeftOffsetCodeLenLineChars16": 0,
          "spanLeftOffsetCodeLenNewlines": 0,
          "spanLeftOffsetCodeOffsetCol16": 0,
          "spanLeftOffsetCodeOffsetLine": 0,
          "spanLeftOffsetCodeOffsetUtf8": 0,
          "token": {
            "codeLenLineChars16": 3,
            "codeLenNewlines": 0,
            "codeOffsetCol16": 0,
            "codeOffsetLine": 0,
            "codeOffsetUtf8": 0,
            "isFree": false,
            "isOperatorLexically": false,
            "isTypeOrConstructor": false,
            "leftOffsetCodeLenLineChars16": 0,
            "leftOffsetCodeLenNewlines": 0,
            "leftOffsetCodeOffsetCol16": 0,
            "leftOffsetCodeOffsetLine": 0,
            "leftOffsetCodeOffsetUtf8": 0,
            "lengthInCodeBuffer": 3,
            "liftLevel": 0,
            "startInCodeBuffer": 0,
            "type": "Ident",
            "whitespaceLengthInCodeBuffer": 0,
            "whitespaceStartInCodeBuffer": 0,
          },
          "type": "Ident",
          "whitespaceLengthInCodeParsed": 0,
          "whitespaceStartInCodeParsed": 0,
        },
        "spanCodeLengthLineChars16": 7,
        "spanCodeLengthNewlines": 0,
        "spanLeftOffsetCodeLenLineChars16": 0,
        "spanLeftOffsetCodeLenNewlines": 0,
        "spanLeftOffsetCodeOffsetCol16": 0,
        "spanLeftOffsetCodeOffsetLine": 0,
        "spanLeftOffsetCodeOffsetUtf8": 0,
        "type": "App",
        "whitespaceLengthInCodeParsed": 0,
        "whitespaceStartInCodeParsed": 0,
      },
      "newline": {
        "codeLenLineChars16": 0,
        "codeLenNewlines": 0,
        "codeOffsetCol16": 0,
        "codeOffsetLine": 0,
        "codeOffsetUtf8": 0,
        "leftOffsetCodeLenLineChars16": 0,
        "leftOffsetCodeLenNewlines": 0,
        "leftOffsetCodeOffsetCol16": 0,
        "leftOffsetCodeOffsetLine": 0,
        "leftOffsetCodeOffsetUtf8": 0,
        "lengthInCodeBuffer": 0,
        "startInCodeBuffer": 0,
        "type": "Newline",
        "whitespaceLengthInCodeBuffer": 0,
        "whitespaceStartInCodeBuffer": 0,
      },
    },
    {
      "expression": undefined,
      "newline": {
        "codeLenLineChars16": 0,
        "codeLenNewlines": 1,
        "codeOffsetCol16": 7,
        "codeOffsetLine": 0,
        "codeOffsetUtf8": 7,
        "leftOffsetCodeLenLineChars16": 0,
        "leftOffsetCodeLenNewlines": 0,
        "leftOffsetCodeOffsetCol16": 7,
        "leftOffsetCodeOffsetLine": 0,
        "leftOffsetCodeOffsetUtf8": 7,
        "lengthInCodeBuffer": 1,
        "startInCodeBuffer": 7,
        "type": "Newline",
        "whitespaceLengthInCodeBuffer": 0,
        "whitespaceStartInCodeBuffer": 7,
      },
    },
  ],
  "type": "BodyBlock",
  "whitespaceLengthInCodeParsed": 0,
  "whitespaceStartInCodeParsed": 0,
}
`;

exports[`Parsing 'foo bar=baz' 1`] = `
{
  "childrenLengthInCodeParsed": 11,
  "spanCodeLengthLineChars16": 11,
  "spanCodeLengthNewlines": 0,
  "spanLeftOffsetCodeLenLineChars16": 0,
  "spanLeftOffsetCodeLenNewlines": 0,
  "spanLeftOffsetCodeOffsetCol16": 0,
  "spanLeftOffsetCodeOffsetLine": 0,
  "spanLeftOffsetCodeOffsetUtf8": 0,
  "statements": [
    {
      "expression": {
        "arg": {
          "childrenLengthInCodeParsed": 3,
          "spanCodeLengthLineChars16": 3,
          "spanCodeLengthNewlines": 0,
          "spanLeftOffsetCodeLenLineChars16": 0,
          "spanLeftOffsetCodeLenNewlines": 0,
          "spanLeftOffsetCodeOffsetCol16": 8,
          "spanLeftOffsetCodeOffsetLine": 0,
          "spanLeftOffsetCodeOffsetUtf8": 8,
          "token": {
            "codeLenLineChars16": 3,
            "codeLenNewlines": 0,
            "codeOffsetCol16": 8,
            "codeOffsetLine": 0,
            "codeOffsetUtf8": 8,
            "isFree": false,
            "isOperatorLexically": false,
            "isTypeOrConstructor": false,
            "leftOffsetCodeLenLineChars16": 0,
            "leftOffsetCodeLenNewlines": 0,
            "leftOffsetCodeOffsetCol16": 8,
            "leftOffsetCodeOffsetLine": 0,
            "leftOffsetCodeOffsetUtf8": 8,
            "lengthInCodeBuffer": 3,
            "liftLevel": 0,
            "startInCodeBuffer": 8,
            "type": "Ident",
            "whitespaceLengthInCodeBuffer": 0,
            "whitespaceStartInCodeBuffer": 8,
          },
          "type": "Ident",
          "whitespaceLengthInCodeParsed": 0,
          "whitespaceStartInCodeParsed": 8,
        },
        "childrenLengthInCodeParsed": 11,
        "close": undefined,
        "equals": {
          "codeLenLineChars16": 1,
          "codeLenNewlines": 0,
          "codeOffsetCol16": 7,
          "codeOffsetLine": 0,
          "codeOffsetUtf8": 7,
          "leftOffsetCodeLenLineChars16": 0,
          "leftOffsetCodeLenNewlines": 0,
          "leftOffsetCodeOffsetCol16": 7,
          "leftOffsetCodeOffsetLine": 0,
          "leftOffsetCodeOffsetUtf8": 7,
          "lengthInCodeBuffer": 1,
          "startInCodeBuffer": 7,
          "type": "Operator",
          "whitespaceLengthInCodeBuffer": 0,
          "whitespaceStartInCodeBuffer": 7,
        },
        "func": {
          "childrenLengthInCodeParsed": 3,
          "spanCodeLengthLineChars16": 3,
          "spanCodeLengthNewlines": 0,
          "spanLeftOffsetCodeLenLineChars16": 0,
          "spanLeftOffsetCodeLenNewlines": 0,
          "spanLeftOffsetCodeOffsetCol16": 0,
          "spanLeftOffsetCodeOffsetLine": 0,
          "spanLeftOffsetCodeOffsetUtf8": 0,
          "token": {
            "codeLenLineChars16": 3,
            "codeLenNewlines": 0,
            "codeOffsetCol16": 0,
            "codeOffsetLine": 0,
            "codeOffsetUtf8": 0,
            "isFree": false,
            "isOperatorLexically": false,
            "isTypeOrConstructor": false,
            "leftOffsetCodeLenLineChars16": 0,
            "leftOffsetCodeLenNewlines": 0,
            "leftOffsetCodeOffsetCol16": 0,
            "leftOffsetCodeOffsetLine": 0,
            "leftOffsetCodeOffsetUtf8": 0,
            "lengthInCodeBuffer": 3,
            "liftLevel": 0,
            "startInCodeBuffer": 0,
            "type": "Ident",
            "whitespaceLengthInCodeBuffer": 0,
            "whitespaceStartInCodeBuffer": 0,
          },
          "type": "Ident",
          "whitespaceLengthInCodeParsed": 0,
          "whitespaceStartInCodeParsed": 0,
        },
        "name": {
          "codeLenLineChars16": 3,
          "codeLenNewlines": 0,
          "codeOffsetCol16": 4,
          "codeOffsetLine": 0,
          "codeOffsetUtf8": 4,
          "isFree": false,
          "isOperatorLexically": false,
          "isTypeOrConstructor": false,
          "leftOffsetCodeLenLineChars16": 1,
          "leftOffsetCodeLenNewlines": 0,
          "leftOffsetCodeOffsetCol16": 3,
          "leftOffsetCodeOffsetLine": 0,
          "leftOffsetCodeOffsetUtf8": 3,
          "lengthInCodeBuffer": 3,
          "liftLevel": 0,
          "startInCodeBuffer": 4,
          "type": "Ident",
          "whitespaceLengthInCodeBuffer": 1,
          "whitespaceStartInCodeBuffer": 3,
        },
        "open": undefined,
        "spanCodeLengthLineChars16": 11,
        "spanCodeLengthNewlines": 0,
        "spanLeftOffsetCodeLenLineChars16": 0,
        "spanLeftOffsetCodeLenNewlines": 0,
        "spanLeftOffsetCodeOffsetCol16": 0,
        "spanLeftOffsetCodeOffsetLine": 0,
        "spanLeftOffsetCodeOffsetUtf8": 0,
        "type": "NamedApp",
        "whitespaceLengthInCodeParsed": 0,
        "whitespaceStartInCodeParsed": 0,
      },
      "newline": {
        "codeLenLineChars16": 0,
        "codeLenNewlines": 0,
        "codeOffsetCol16": 0,
        "codeOffsetLine": 0,
        "codeOffsetUtf8": 0,
        "leftOffsetCodeLenLineChars16": 0,
        "leftOffsetCodeLenNewlines": 0,
        "leftOffsetCodeOffsetCol16": 0,
        "leftOffsetCodeOffsetLine": 0,
        "leftOffsetCodeOffsetUtf8": 0,
        "lengthInCodeBuffer": 0,
        "startInCodeBuffer": 0,
        "type": "Newline",
        "whitespaceLengthInCodeBuffer": 0,
        "whitespaceStartInCodeBuffer": 0,
      },
    },
  ],
  "type": "BodyBlock",
  "whitespaceLengthInCodeParsed": 0,
  "whitespaceStartInCodeParsed": 0,
}
`;
