// Vitest Snapshot v1, https://vitest.dev/guide/snapshot.html

exports[`Parsing '2
 + 3
 + 4' 1`] = `
{
  "childrenLengthInCodeParsed": 11,
  "spanCodeLengthLineChars16": 4,
  "spanCodeLengthNewlines": 2,
  "spanLeftOffsetCodeLenLineChars16": 0,
  "spanLeftOffsetCodeLenNewlines": 0,
  "spanLeftOffsetCodeStartCol16": 0,
  "spanLeftOffsetCodeStartLine": 0,
  "spanLeftOffsetCodeStartUtf8": 0,
  "statements": [
    {
      "expression": {
        "childrenLengthInCodeParsed": 11,
        "excess": [],
        "expressions": [
          {
            "expression": {
              "expression": {
                "base": undefined,
                "childrenLengthInCodeParsed": 1,
                "fractionalDigits": undefined,
                "integer": {
                  "base": undefined,
                  "codeLenLineChars16": 1,
                  "codeLenNewlines": 0,
                  "codeStartCol16": 3,
                  "codeStartLine": 1,
                  "codeStartUtf8": 5,
                  "leftOffsetCodeLenLineChars16": 0,
                  "leftOffsetCodeLenNewlines": 0,
                  "leftOffsetCodeStartCol16": 3,
                  "leftOffsetCodeStartLine": 1,
                  "leftOffsetCodeStartUtf8": 5,
                  "lengthInCodeBuffer": 1,
                  "startInCodeBuffer": 5,
                  "type": "Digits",
                  "whitespaceLengthInCodeBuffer": 0,
                  "whitespaceStartInCodeBuffer": 5,
                },
                "spanCodeLengthLineChars16": 1,
                "spanCodeLengthNewlines": 0,
                "spanLeftOffsetCodeLenLineChars16": 1,
                "spanLeftOffsetCodeLenNewlines": 0,
                "spanLeftOffsetCodeStartCol16": 2,
                "spanLeftOffsetCodeStartLine": 1,
                "spanLeftOffsetCodeStartUtf8": 4,
                "type": "Number",
                "whitespaceLengthInCodeParsed": 1,
                "whitespaceStartInCodeParsed": 4,
              },
              "operator": {
                "ok": true,
                "value": {
                  "codeLenLineChars16": 1,
                  "codeLenNewlines": 0,
                  "codeStartCol16": 1,
                  "codeStartLine": 1,
                  "codeStartUtf8": 3,
                  "leftOffsetCodeLenLineChars16": 1,
                  "leftOffsetCodeLenNewlines": 0,
                  "leftOffsetCodeStartCol16": 0,
                  "leftOffsetCodeStartLine": 1,
                  "leftOffsetCodeStartUtf8": 2,
                  "lengthInCodeBuffer": 1,
                  "startInCodeBuffer": 3,
                  "type": "Operator",
                  "whitespaceLengthInCodeBuffer": 1,
                  "whitespaceStartInCodeBuffer": 2,
                },
              },
            },
            "newline": {
              "codeLenLineChars16": 0,
              "codeLenNewlines": 1,
              "codeStartCol16": 1,
              "codeStartLine": 0,
              "codeStartUtf8": 1,
              "leftOffsetCodeLenLineChars16": 0,
              "leftOffsetCodeLenNewlines": 0,
              "leftOffsetCodeStartCol16": 1,
              "leftOffsetCodeStartLine": 0,
              "leftOffsetCodeStartUtf8": 1,
              "lengthInCodeBuffer": 1,
              "startInCodeBuffer": 1,
              "type": "Newline",
              "whitespaceLengthInCodeBuffer": 0,
              "whitespaceStartInCodeBuffer": 1,
            },
          },
          {
            "expression": {
              "expression": {
                "base": undefined,
                "childrenLengthInCodeParsed": 1,
                "fractionalDigits": undefined,
                "integer": {
                  "base": undefined,
                  "codeLenLineChars16": 1,
                  "codeLenNewlines": 0,
                  "codeStartCol16": 3,
                  "codeStartLine": 2,
                  "codeStartUtf8": 10,
                  "leftOffsetCodeLenLineChars16": 0,
                  "leftOffsetCodeLenNewlines": 0,
                  "leftOffsetCodeStartCol16": 3,
                  "leftOffsetCodeStartLine": 2,
                  "leftOffsetCodeStartUtf8": 10,
                  "lengthInCodeBuffer": 1,
                  "startInCodeBuffer": 10,
                  "type": "Digits",
                  "whitespaceLengthInCodeBuffer": 0,
                  "whitespaceStartInCodeBuffer": 10,
                },
                "spanCodeLengthLineChars16": 1,
                "spanCodeLengthNewlines": 0,
                "spanLeftOffsetCodeLenLineChars16": 1,
                "spanLeftOffsetCodeLenNewlines": 0,
                "spanLeftOffsetCodeStartCol16": 2,
                "spanLeftOffsetCodeStartLine": 2,
                "spanLeftOffsetCodeStartUtf8": 9,
                "type": "Number",
                "whitespaceLengthInCodeParsed": 1,
                "whitespaceStartInCodeParsed": 9,
              },
              "operator": {
                "ok": true,
                "value": {
                  "codeLenLineChars16": 1,
                  "codeLenNewlines": 0,
                  "codeStartCol16": 1,
                  "codeStartLine": 2,
                  "codeStartUtf8": 8,
                  "leftOffsetCodeLenLineChars16": 1,
                  "leftOffsetCodeLenNewlines": 0,
                  "leftOffsetCodeStartCol16": 0,
                  "leftOffsetCodeStartLine": 2,
                  "leftOffsetCodeStartUtf8": 7,
                  "lengthInCodeBuffer": 1,
                  "startInCodeBuffer": 8,
                  "type": "Operator",
                  "whitespaceLengthInCodeBuffer": 1,
                  "whitespaceStartInCodeBuffer": 7,
                },
              },
            },
            "newline": {
              "codeLenLineChars16": 0,
              "codeLenNewlines": 1,
              "codeStartCol16": 4,
              "codeStartLine": 1,
              "codeStartUtf8": 6,
              "leftOffsetCodeLenLineChars16": 0,
              "leftOffsetCodeLenNewlines": 0,
              "leftOffsetCodeStartCol16": 4,
              "leftOffsetCodeStartLine": 1,
              "leftOffsetCodeStartUtf8": 6,
              "lengthInCodeBuffer": 1,
              "startInCodeBuffer": 6,
              "type": "Newline",
              "whitespaceLengthInCodeBuffer": 0,
              "whitespaceStartInCodeBuffer": 6,
            },
          },
        ],
        "lhs": {
          "base": undefined,
          "childrenLengthInCodeParsed": 1,
          "fractionalDigits": undefined,
          "integer": {
            "base": undefined,
            "codeLenLineChars16": 1,
            "codeLenNewlines": 0,
            "codeStartCol16": 0,
            "codeStartLine": 0,
            "codeStartUtf8": 0,
            "leftOffsetCodeLenLineChars16": 0,
            "leftOffsetCodeLenNewlines": 0,
            "leftOffsetCodeStartCol16": 0,
            "leftOffsetCodeStartLine": 0,
            "leftOffsetCodeStartUtf8": 0,
            "lengthInCodeBuffer": 1,
            "startInCodeBuffer": 0,
            "type": "Digits",
            "whitespaceLengthInCodeBuffer": 0,
            "whitespaceStartInCodeBuffer": 0,
          },
          "spanCodeLengthLineChars16": 1,
          "spanCodeLengthNewlines": 0,
          "spanLeftOffsetCodeLenLineChars16": 0,
          "spanLeftOffsetCodeLenNewlines": 0,
          "spanLeftOffsetCodeStartCol16": 0,
          "spanLeftOffsetCodeStartLine": 0,
          "spanLeftOffsetCodeStartUtf8": 0,
          "type": "Number",
          "whitespaceLengthInCodeParsed": 0,
          "whitespaceStartInCodeParsed": 0,
        },
        "spanCodeLengthLineChars16": 4,
        "spanCodeLengthNewlines": 2,
        "spanLeftOffsetCodeLenLineChars16": 0,
        "spanLeftOffsetCodeLenNewlines": 0,
        "spanLeftOffsetCodeStartCol16": 0,
        "spanLeftOffsetCodeStartLine": 0,
        "spanLeftOffsetCodeStartUtf8": 0,
        "type": "OperatorBlockApplication",
        "whitespaceLengthInCodeParsed": 0,
        "whitespaceStartInCodeParsed": 0,
      },
      "newline": {
        "codeLenLineChars16": 0,
        "codeLenNewlines": 0,
        "codeStartCol16": 0,
        "codeStartLine": 0,
        "codeStartUtf8": 0,
        "leftOffsetCodeLenLineChars16": 0,
        "leftOffsetCodeLenNewlines": 0,
        "leftOffsetCodeStartCol16": 0,
        "leftOffsetCodeStartLine": 0,
        "leftOffsetCodeStartUtf8": 0,
        "lengthInCodeBuffer": 0,
        "startInCodeBuffer": 0,
        "type": "Newline",
        "whitespaceLengthInCodeBuffer": 0,
        "whitespaceStartInCodeBuffer": 0,
      },
    },
  ],
  "type": "BodyBlock",
  "whitespaceLengthInCodeParsed": 0,
  "whitespaceStartInCodeParsed": 0,
}
`;

exports[`Parsing 'Data.read
2 + 2' 1`] = `
{
  "childrenLengthInCodeParsed": 15,
  "spanCodeLengthLineChars16": 5,
  "spanCodeLengthNewlines": 1,
  "spanLeftOffsetCodeLenLineChars16": 0,
  "spanLeftOffsetCodeLenNewlines": 0,
  "spanLeftOffsetCodeStartCol16": 0,
  "spanLeftOffsetCodeStartLine": 0,
  "spanLeftOffsetCodeStartUtf8": 0,
  "statements": [
    {
      "expression": {
        "childrenLengthInCodeParsed": 9,
        "lhs": {
          "childrenLengthInCodeParsed": 4,
          "spanCodeLengthLineChars16": 4,
          "spanCodeLengthNewlines": 0,
          "spanLeftOffsetCodeLenLineChars16": 0,
          "spanLeftOffsetCodeLenNewlines": 0,
          "spanLeftOffsetCodeStartCol16": 0,
          "spanLeftOffsetCodeStartLine": 0,
          "spanLeftOffsetCodeStartUtf8": 0,
          "token": {
            "codeLenLineChars16": 4,
            "codeLenNewlines": 0,
            "codeStartCol16": 0,
            "codeStartLine": 0,
            "codeStartUtf8": 0,
            "isFree": false,
            "isOperatorLexically": false,
            "isTypeOrConstructor": true,
            "leftOffsetCodeLenLineChars16": 0,
            "leftOffsetCodeLenNewlines": 0,
            "leftOffsetCodeStartCol16": 0,
            "leftOffsetCodeStartLine": 0,
            "leftOffsetCodeStartUtf8": 0,
            "lengthInCodeBuffer": 4,
            "liftLevel": 0,
            "startInCodeBuffer": 0,
            "type": "Ident",
            "whitespaceLengthInCodeBuffer": 0,
            "whitespaceStartInCodeBuffer": 0,
          },
          "type": "Ident",
          "whitespaceLengthInCodeParsed": 0,
          "whitespaceStartInCodeParsed": 0,
        },
        "opr": {
          "ok": true,
          "value": {
            "codeLenLineChars16": 1,
            "codeLenNewlines": 0,
            "codeStartCol16": 4,
            "codeStartLine": 0,
            "codeStartUtf8": 4,
            "leftOffsetCodeLenLineChars16": 0,
            "leftOffsetCodeLenNewlines": 0,
            "leftOffsetCodeStartCol16": 4,
            "leftOffsetCodeStartLine": 0,
            "leftOffsetCodeStartUtf8": 4,
            "lengthInCodeBuffer": 1,
            "startInCodeBuffer": 4,
            "type": "Operator",
            "whitespaceLengthInCodeBuffer": 0,
            "whitespaceStartInCodeBuffer": 4,
          },
        },
        "rhs": {
          "childrenLengthInCodeParsed": 4,
          "spanCodeLengthLineChars16": 4,
          "spanCodeLengthNewlines": 0,
          "spanLeftOffsetCodeLenLineChars16": 0,
          "spanLeftOffsetCodeLenNewlines": 0,
          "spanLeftOffsetCodeStartCol16": 5,
          "spanLeftOffsetCodeStartLine": 0,
          "spanLeftOffsetCodeStartUtf8": 5,
          "token": {
            "codeLenLineChars16": 4,
            "codeLenNewlines": 0,
            "codeStartCol16": 5,
            "codeStartLine": 0,
            "codeStartUtf8": 5,
            "isFree": false,
            "isOperatorLexically": false,
            "isTypeOrConstructor": false,
            "leftOffsetCodeLenLineChars16": 0,
            "leftOffsetCodeLenNewlines": 0,
            "leftOffsetCodeStartCol16": 5,
            "leftOffsetCodeStartLine": 0,
            "leftOffsetCodeStartUtf8": 5,
            "lengthInCodeBuffer": 4,
            "liftLevel": 0,
            "startInCodeBuffer": 5,
            "type": "Ident",
            "whitespaceLengthInCodeBuffer": 0,
            "whitespaceStartInCodeBuffer": 5,
          },
          "type": "Ident",
          "whitespaceLengthInCodeParsed": 0,
          "whitespaceStartInCodeParsed": 5,
        },
        "spanCodeLengthLineChars16": 9,
        "spanCodeLengthNewlines": 0,
        "spanLeftOffsetCodeLenLineChars16": 0,
        "spanLeftOffsetCodeLenNewlines": 0,
        "spanLeftOffsetCodeStartCol16": 0,
        "spanLeftOffsetCodeStartLine": 0,
        "spanLeftOffsetCodeStartUtf8": 0,
        "type": "OprApp",
        "whitespaceLengthInCodeParsed": 0,
        "whitespaceStartInCodeParsed": 0,
      },
      "newline": {
        "codeLenLineChars16": 0,
        "codeLenNewlines": 0,
        "codeStartCol16": 0,
        "codeStartLine": 0,
        "codeStartUtf8": 0,
        "leftOffsetCodeLenLineChars16": 0,
        "leftOffsetCodeLenNewlines": 0,
        "leftOffsetCodeStartCol16": 0,
        "leftOffsetCodeStartLine": 0,
        "leftOffsetCodeStartUtf8": 0,
        "lengthInCodeBuffer": 0,
        "startInCodeBuffer": 0,
        "type": "Newline",
        "whitespaceLengthInCodeBuffer": 0,
        "whitespaceStartInCodeBuffer": 0,
      },
    },
    {
      "expression": {
        "childrenLengthInCodeParsed": 5,
        "lhs": {
          "base": undefined,
          "childrenLengthInCodeParsed": 1,
          "fractionalDigits": undefined,
          "integer": {
            "base": undefined,
            "codeLenLineChars16": 1,
            "codeLenNewlines": 0,
            "codeStartCol16": 0,
            "codeStartLine": 1,
            "codeStartUtf8": 10,
            "leftOffsetCodeLenLineChars16": 0,
            "leftOffsetCodeLenNewlines": 0,
            "leftOffsetCodeStartCol16": 0,
            "leftOffsetCodeStartLine": 1,
            "leftOffsetCodeStartUtf8": 10,
            "lengthInCodeBuffer": 1,
            "startInCodeBuffer": 10,
            "type": "Digits",
            "whitespaceLengthInCodeBuffer": 0,
            "whitespaceStartInCodeBuffer": 10,
          },
          "spanCodeLengthLineChars16": 1,
          "spanCodeLengthNewlines": 0,
          "spanLeftOffsetCodeLenLineChars16": 0,
          "spanLeftOffsetCodeLenNewlines": 0,
          "spanLeftOffsetCodeStartCol16": 0,
          "spanLeftOffsetCodeStartLine": 1,
          "spanLeftOffsetCodeStartUtf8": 10,
          "type": "Number",
          "whitespaceLengthInCodeParsed": 0,
          "whitespaceStartInCodeParsed": 10,
        },
        "opr": {
          "ok": true,
          "value": {
            "codeLenLineChars16": 1,
            "codeLenNewlines": 0,
            "codeStartCol16": 2,
            "codeStartLine": 1,
            "codeStartUtf8": 12,
            "leftOffsetCodeLenLineChars16": 1,
            "leftOffsetCodeLenNewlines": 0,
            "leftOffsetCodeStartCol16": 1,
            "leftOffsetCodeStartLine": 1,
            "leftOffsetCodeStartUtf8": 11,
            "lengthInCodeBuffer": 1,
            "startInCodeBuffer": 12,
            "type": "Operator",
            "whitespaceLengthInCodeBuffer": 1,
            "whitespaceStartInCodeBuffer": 11,
          },
        },
        "rhs": {
          "base": undefined,
          "childrenLengthInCodeParsed": 1,
          "fractionalDigits": undefined,
          "integer": {
            "base": undefined,
            "codeLenLineChars16": 1,
            "codeLenNewlines": 0,
            "codeStartCol16": 4,
            "codeStartLine": 1,
            "codeStartUtf8": 14,
            "leftOffsetCodeLenLineChars16": 0,
            "leftOffsetCodeLenNewlines": 0,
            "leftOffsetCodeStartCol16": 4,
            "leftOffsetCodeStartLine": 1,
            "leftOffsetCodeStartUtf8": 14,
            "lengthInCodeBuffer": 1,
            "startInCodeBuffer": 14,
            "type": "Digits",
            "whitespaceLengthInCodeBuffer": 0,
            "whitespaceStartInCodeBuffer": 14,
          },
          "spanCodeLengthLineChars16": 1,
          "spanCodeLengthNewlines": 0,
          "spanLeftOffsetCodeLenLineChars16": 1,
          "spanLeftOffsetCodeLenNewlines": 0,
          "spanLeftOffsetCodeStartCol16": 3,
          "spanLeftOffsetCodeStartLine": 1,
          "spanLeftOffsetCodeStartUtf8": 13,
          "type": "Number",
          "whitespaceLengthInCodeParsed": 1,
          "whitespaceStartInCodeParsed": 13,
        },
        "spanCodeLengthLineChars16": 5,
        "spanCodeLengthNewlines": 0,
        "spanLeftOffsetCodeLenLineChars16": 0,
        "spanLeftOffsetCodeLenNewlines": 0,
        "spanLeftOffsetCodeStartCol16": 0,
        "spanLeftOffsetCodeStartLine": 1,
        "spanLeftOffsetCodeStartUtf8": 10,
        "type": "OprApp",
        "whitespaceLengthInCodeParsed": 0,
        "whitespaceStartInCodeParsed": 10,
      },
      "newline": {
        "codeLenLineChars16": 0,
        "codeLenNewlines": 1,
        "codeStartCol16": 9,
        "codeStartLine": 0,
        "codeStartUtf8": 9,
        "leftOffsetCodeLenLineChars16": 0,
        "leftOffsetCodeLenNewlines": 0,
        "leftOffsetCodeStartCol16": 9,
        "leftOffsetCodeStartLine": 0,
        "leftOffsetCodeStartUtf8": 9,
        "lengthInCodeBuffer": 1,
        "startInCodeBuffer": 9,
        "type": "Newline",
        "whitespaceLengthInCodeBuffer": 0,
        "whitespaceStartInCodeBuffer": 9,
      },
    },
  ],
  "type": "BodyBlock",
  "whitespaceLengthInCodeParsed": 0,
  "whitespaceStartInCodeParsed": 0,
}
`;

exports[`Parsing 'Data.read "File"
2 + 3' 1`] = `
{
  "childrenLengthInCodeParsed": 22,
  "spanCodeLengthLineChars16": 5,
  "spanCodeLengthNewlines": 1,
  "spanLeftOffsetCodeLenLineChars16": 0,
  "spanLeftOffsetCodeLenNewlines": 0,
  "spanLeftOffsetCodeStartCol16": 0,
  "spanLeftOffsetCodeStartLine": 0,
  "spanLeftOffsetCodeStartUtf8": 0,
  "statements": [
    {
      "expression": {
        "arg": {
          "childrenLengthInCodeParsed": 6,
          "close": {
            "codeLenLineChars16": 1,
            "codeLenNewlines": 0,
            "codeStartCol16": 15,
            "codeStartLine": 0,
            "codeStartUtf8": 15,
            "leftOffsetCodeLenLineChars16": 0,
            "leftOffsetCodeLenNewlines": 0,
            "leftOffsetCodeStartCol16": 15,
            "leftOffsetCodeStartLine": 0,
            "leftOffsetCodeStartUtf8": 15,
            "lengthInCodeBuffer": 1,
            "startInCodeBuffer": 15,
            "type": "TextEnd",
            "whitespaceLengthInCodeBuffer": 0,
            "whitespaceStartInCodeBuffer": 15,
          },
          "elements": [
            {
              "text": {
                "codeLenLineChars16": 4,
                "codeLenNewlines": 0,
                "codeStartCol16": 11,
                "codeStartLine": 0,
                "codeStartUtf8": 11,
                "leftOffsetCodeLenLineChars16": 0,
                "leftOffsetCodeLenNewlines": 0,
                "leftOffsetCodeStartCol16": 11,
                "leftOffsetCodeStartLine": 0,
                "leftOffsetCodeStartUtf8": 11,
                "lengthInCodeBuffer": 4,
                "startInCodeBuffer": 11,
                "type": "TextSection",
                "whitespaceLengthInCodeBuffer": 0,
                "whitespaceStartInCodeBuffer": 11,
              },
              "type": "Section",
            },
          ],
          "newline": undefined,
          "open": {
            "codeLenLineChars16": 1,
            "codeLenNewlines": 0,
            "codeStartCol16": 10,
            "codeStartLine": 0,
            "codeStartUtf8": 10,
            "leftOffsetCodeLenLineChars16": 0,
            "leftOffsetCodeLenNewlines": 0,
            "leftOffsetCodeStartCol16": 10,
            "leftOffsetCodeStartLine": 0,
            "leftOffsetCodeStartUtf8": 10,
            "lengthInCodeBuffer": 1,
            "startInCodeBuffer": 10,
            "type": "TextStart",
            "whitespaceLengthInCodeBuffer": 0,
            "whitespaceStartInCodeBuffer": 10,
          },
          "spanCodeLengthLineChars16": 6,
          "spanCodeLengthNewlines": 0,
          "spanLeftOffsetCodeLenLineChars16": 1,
          "spanLeftOffsetCodeLenNewlines": 0,
          "spanLeftOffsetCodeStartCol16": 9,
          "spanLeftOffsetCodeStartLine": 0,
          "spanLeftOffsetCodeStartUtf8": 9,
          "type": "TextLiteral",
          "whitespaceLengthInCodeParsed": 1,
          "whitespaceStartInCodeParsed": 9,
        },
        "childrenLengthInCodeParsed": 16,
        "func": {
          "childrenLengthInCodeParsed": 9,
          "lhs": {
            "childrenLengthInCodeParsed": 4,
            "spanCodeLengthLineChars16": 4,
            "spanCodeLengthNewlines": 0,
            "spanLeftOffsetCodeLenLineChars16": 0,
            "spanLeftOffsetCodeLenNewlines": 0,
            "spanLeftOffsetCodeStartCol16": 0,
            "spanLeftOffsetCodeStartLine": 0,
            "spanLeftOffsetCodeStartUtf8": 0,
            "token": {
              "codeLenLineChars16": 4,
              "codeLenNewlines": 0,
              "codeStartCol16": 0,
              "codeStartLine": 0,
              "codeStartUtf8": 0,
              "isFree": false,
              "isOperatorLexically": false,
              "isTypeOrConstructor": true,
              "leftOffsetCodeLenLineChars16": 0,
              "leftOffsetCodeLenNewlines": 0,
              "leftOffsetCodeStartCol16": 0,
              "leftOffsetCodeStartLine": 0,
              "leftOffsetCodeStartUtf8": 0,
              "lengthInCodeBuffer": 4,
              "liftLevel": 0,
              "startInCodeBuffer": 0,
              "type": "Ident",
              "whitespaceLengthInCodeBuffer": 0,
              "whitespaceStartInCodeBuffer": 0,
            },
            "type": "Ident",
            "whitespaceLengthInCodeParsed": 0,
            "whitespaceStartInCodeParsed": 0,
          },
          "opr": {
            "ok": true,
            "value": {
              "codeLenLineChars16": 1,
              "codeLenNewlines": 0,
              "codeStartCol16": 4,
              "codeStartLine": 0,
              "codeStartUtf8": 4,
              "leftOffsetCodeLenLineChars16": 0,
              "leftOffsetCodeLenNewlines": 0,
              "leftOffsetCodeStartCol16": 4,
              "leftOffsetCodeStartLine": 0,
              "leftOffsetCodeStartUtf8": 4,
              "lengthInCodeBuffer": 1,
              "startInCodeBuffer": 4,
              "type": "Operator",
              "whitespaceLengthInCodeBuffer": 0,
              "whitespaceStartInCodeBuffer": 4,
            },
          },
          "rhs": {
            "childrenLengthInCodeParsed": 4,
            "spanCodeLengthLineChars16": 4,
            "spanCodeLengthNewlines": 0,
            "spanLeftOffsetCodeLenLineChars16": 0,
            "spanLeftOffsetCodeLenNewlines": 0,
            "spanLeftOffsetCodeStartCol16": 5,
            "spanLeftOffsetCodeStartLine": 0,
            "spanLeftOffsetCodeStartUtf8": 5,
            "token": {
              "codeLenLineChars16": 4,
              "codeLenNewlines": 0,
              "codeStartCol16": 5,
              "codeStartLine": 0,
              "codeStartUtf8": 5,
              "isFree": false,
              "isOperatorLexically": false,
              "isTypeOrConstructor": false,
              "leftOffsetCodeLenLineChars16": 0,
              "leftOffsetCodeLenNewlines": 0,
              "leftOffsetCodeStartCol16": 5,
              "leftOffsetCodeStartLine": 0,
              "leftOffsetCodeStartUtf8": 5,
              "lengthInCodeBuffer": 4,
              "liftLevel": 0,
              "startInCodeBuffer": 5,
              "type": "Ident",
              "whitespaceLengthInCodeBuffer": 0,
              "whitespaceStartInCodeBuffer": 5,
            },
            "type": "Ident",
            "whitespaceLengthInCodeParsed": 0,
            "whitespaceStartInCodeParsed": 5,
          },
          "spanCodeLengthLineChars16": 9,
          "spanCodeLengthNewlines": 0,
          "spanLeftOffsetCodeLenLineChars16": 0,
          "spanLeftOffsetCodeLenNewlines": 0,
          "spanLeftOffsetCodeStartCol16": 0,
          "spanLeftOffsetCodeStartLine": 0,
          "spanLeftOffsetCodeStartUtf8": 0,
          "type": "OprApp",
          "whitespaceLengthInCodeParsed": 0,
          "whitespaceStartInCodeParsed": 0,
        },
        "spanCodeLengthLineChars16": 16,
        "spanCodeLengthNewlines": 0,
        "spanLeftOffsetCodeLenLineChars16": 0,
        "spanLeftOffsetCodeLenNewlines": 0,
        "spanLeftOffsetCodeStartCol16": 0,
        "spanLeftOffsetCodeStartLine": 0,
        "spanLeftOffsetCodeStartUtf8": 0,
        "type": "App",
        "whitespaceLengthInCodeParsed": 0,
        "whitespaceStartInCodeParsed": 0,
      },
      "newline": {
        "codeLenLineChars16": 0,
        "codeLenNewlines": 0,
        "codeStartCol16": 0,
        "codeStartLine": 0,
        "codeStartUtf8": 0,
        "leftOffsetCodeLenLineChars16": 0,
        "leftOffsetCodeLenNewlines": 0,
        "leftOffsetCodeStartCol16": 0,
        "leftOffsetCodeStartLine": 0,
        "leftOffsetCodeStartUtf8": 0,
        "lengthInCodeBuffer": 0,
        "startInCodeBuffer": 0,
        "type": "Newline",
        "whitespaceLengthInCodeBuffer": 0,
        "whitespaceStartInCodeBuffer": 0,
      },
    },
    {
      "expression": {
        "childrenLengthInCodeParsed": 5,
        "lhs": {
          "base": undefined,
          "childrenLengthInCodeParsed": 1,
          "fractionalDigits": undefined,
          "integer": {
            "base": undefined,
            "codeLenLineChars16": 1,
            "codeLenNewlines": 0,
            "codeStartCol16": 0,
            "codeStartLine": 1,
            "codeStartUtf8": 17,
            "leftOffsetCodeLenLineChars16": 0,
            "leftOffsetCodeLenNewlines": 0,
            "leftOffsetCodeStartCol16": 0,
            "leftOffsetCodeStartLine": 1,
            "leftOffsetCodeStartUtf8": 17,
            "lengthInCodeBuffer": 1,
            "startInCodeBuffer": 17,
            "type": "Digits",
            "whitespaceLengthInCodeBuffer": 0,
            "whitespaceStartInCodeBuffer": 17,
          },
          "spanCodeLengthLineChars16": 1,
          "spanCodeLengthNewlines": 0,
          "spanLeftOffsetCodeLenLineChars16": 0,
          "spanLeftOffsetCodeLenNewlines": 0,
          "spanLeftOffsetCodeStartCol16": 0,
          "spanLeftOffsetCodeStartLine": 1,
          "spanLeftOffsetCodeStartUtf8": 17,
          "type": "Number",
          "whitespaceLengthInCodeParsed": 0,
          "whitespaceStartInCodeParsed": 17,
        },
        "opr": {
          "ok": true,
          "value": {
            "codeLenLineChars16": 1,
            "codeLenNewlines": 0,
            "codeStartCol16": 2,
            "codeStartLine": 1,
            "codeStartUtf8": 19,
            "leftOffsetCodeLenLineChars16": 1,
            "leftOffsetCodeLenNewlines": 0,
            "leftOffsetCodeStartCol16": 1,
            "leftOffsetCodeStartLine": 1,
            "leftOffsetCodeStartUtf8": 18,
            "lengthInCodeBuffer": 1,
            "startInCodeBuffer": 19,
            "type": "Operator",
            "whitespaceLengthInCodeBuffer": 1,
            "whitespaceStartInCodeBuffer": 18,
          },
        },
        "rhs": {
          "base": undefined,
          "childrenLengthInCodeParsed": 1,
          "fractionalDigits": undefined,
          "integer": {
            "base": undefined,
            "codeLenLineChars16": 1,
            "codeLenNewlines": 0,
            "codeStartCol16": 4,
            "codeStartLine": 1,
            "codeStartUtf8": 21,
            "leftOffsetCodeLenLineChars16": 0,
            "leftOffsetCodeLenNewlines": 0,
            "leftOffsetCodeStartCol16": 4,
            "leftOffsetCodeStartLine": 1,
            "leftOffsetCodeStartUtf8": 21,
            "lengthInCodeBuffer": 1,
            "startInCodeBuffer": 21,
            "type": "Digits",
            "whitespaceLengthInCodeBuffer": 0,
            "whitespaceStartInCodeBuffer": 21,
          },
          "spanCodeLengthLineChars16": 1,
          "spanCodeLengthNewlines": 0,
          "spanLeftOffsetCodeLenLineChars16": 1,
          "spanLeftOffsetCodeLenNewlines": 0,
          "spanLeftOffsetCodeStartCol16": 3,
          "spanLeftOffsetCodeStartLine": 1,
          "spanLeftOffsetCodeStartUtf8": 20,
          "type": "Number",
          "whitespaceLengthInCodeParsed": 1,
          "whitespaceStartInCodeParsed": 20,
        },
        "spanCodeLengthLineChars16": 5,
        "spanCodeLengthNewlines": 0,
        "spanLeftOffsetCodeLenLineChars16": 0,
        "spanLeftOffsetCodeLenNewlines": 0,
        "spanLeftOffsetCodeStartCol16": 0,
        "spanLeftOffsetCodeStartLine": 1,
        "spanLeftOffsetCodeStartUtf8": 17,
        "type": "OprApp",
        "whitespaceLengthInCodeParsed": 0,
        "whitespaceStartInCodeParsed": 17,
      },
      "newline": {
        "codeLenLineChars16": 0,
        "codeLenNewlines": 1,
        "codeStartCol16": 16,
        "codeStartLine": 0,
        "codeStartUtf8": 16,
        "leftOffsetCodeLenLineChars16": 0,
        "leftOffsetCodeLenNewlines": 0,
        "leftOffsetCodeStartCol16": 16,
        "leftOffsetCodeStartLine": 0,
        "leftOffsetCodeStartUtf8": 16,
        "lengthInCodeBuffer": 1,
        "startInCodeBuffer": 16,
        "type": "Newline",
        "whitespaceLengthInCodeBuffer": 0,
        "whitespaceStartInCodeBuffer": 16,
      },
    },
  ],
  "type": "BodyBlock",
  "whitespaceLengthInCodeParsed": 0,
  "whitespaceStartInCodeParsed": 0,
}
`;

exports[`Parsing 'Data.read File
2 + 3' 1`] = `
{
  "childrenLengthInCodeParsed": 20,
  "spanCodeLengthLineChars16": 5,
  "spanCodeLengthNewlines": 1,
  "spanLeftOffsetCodeLenLineChars16": 0,
  "spanLeftOffsetCodeLenNewlines": 0,
  "spanLeftOffsetCodeStartCol16": 0,
  "spanLeftOffsetCodeStartLine": 0,
  "spanLeftOffsetCodeStartUtf8": 0,
  "statements": [
    {
      "expression": {
        "arg": {
          "childrenLengthInCodeParsed": 4,
          "spanCodeLengthLineChars16": 4,
          "spanCodeLengthNewlines": 0,
          "spanLeftOffsetCodeLenLineChars16": 1,
          "spanLeftOffsetCodeLenNewlines": 0,
          "spanLeftOffsetCodeStartCol16": 9,
          "spanLeftOffsetCodeStartLine": 0,
          "spanLeftOffsetCodeStartUtf8": 9,
          "token": {
            "codeLenLineChars16": 4,
            "codeLenNewlines": 0,
            "codeStartCol16": 10,
            "codeStartLine": 0,
            "codeStartUtf8": 10,
            "isFree": false,
            "isOperatorLexically": false,
            "isTypeOrConstructor": true,
            "leftOffsetCodeLenLineChars16": 0,
            "leftOffsetCodeLenNewlines": 0,
            "leftOffsetCodeStartCol16": 10,
            "leftOffsetCodeStartLine": 0,
            "leftOffsetCodeStartUtf8": 10,
            "lengthInCodeBuffer": 4,
            "liftLevel": 0,
            "startInCodeBuffer": 10,
            "type": "Ident",
            "whitespaceLengthInCodeBuffer": 0,
            "whitespaceStartInCodeBuffer": 10,
          },
          "type": "Ident",
          "whitespaceLengthInCodeParsed": 1,
          "whitespaceStartInCodeParsed": 9,
        },
        "childrenLengthInCodeParsed": 14,
        "func": {
          "childrenLengthInCodeParsed": 9,
          "lhs": {
            "childrenLengthInCodeParsed": 4,
            "spanCodeLengthLineChars16": 4,
            "spanCodeLengthNewlines": 0,
            "spanLeftOffsetCodeLenLineChars16": 0,
            "spanLeftOffsetCodeLenNewlines": 0,
            "spanLeftOffsetCodeStartCol16": 0,
            "spanLeftOffsetCodeStartLine": 0,
            "spanLeftOffsetCodeStartUtf8": 0,
            "token": {
              "codeLenLineChars16": 4,
              "codeLenNewlines": 0,
              "codeStartCol16": 0,
              "codeStartLine": 0,
              "codeStartUtf8": 0,
              "isFree": false,
              "isOperatorLexically": false,
              "isTypeOrConstructor": true,
              "leftOffsetCodeLenLineChars16": 0,
              "leftOffsetCodeLenNewlines": 0,
              "leftOffsetCodeStartCol16": 0,
              "leftOffsetCodeStartLine": 0,
              "leftOffsetCodeStartUtf8": 0,
              "lengthInCodeBuffer": 4,
              "liftLevel": 0,
              "startInCodeBuffer": 0,
              "type": "Ident",
              "whitespaceLengthInCodeBuffer": 0,
              "whitespaceStartInCodeBuffer": 0,
            },
            "type": "Ident",
            "whitespaceLengthInCodeParsed": 0,
            "whitespaceStartInCodeParsed": 0,
          },
          "opr": {
            "ok": true,
            "value": {
              "codeLenLineChars16": 1,
              "codeLenNewlines": 0,
              "codeStartCol16": 4,
              "codeStartLine": 0,
              "codeStartUtf8": 4,
              "leftOffsetCodeLenLineChars16": 0,
              "leftOffsetCodeLenNewlines": 0,
              "leftOffsetCodeStartCol16": 4,
              "leftOffsetCodeStartLine": 0,
              "leftOffsetCodeStartUtf8": 4,
              "lengthInCodeBuffer": 1,
              "startInCodeBuffer": 4,
              "type": "Operator",
              "whitespaceLengthInCodeBuffer": 0,
              "whitespaceStartInCodeBuffer": 4,
            },
          },
          "rhs": {
            "childrenLengthInCodeParsed": 4,
            "spanCodeLengthLineChars16": 4,
            "spanCodeLengthNewlines": 0,
            "spanLeftOffsetCodeLenLineChars16": 0,
            "spanLeftOffsetCodeLenNewlines": 0,
            "spanLeftOffsetCodeStartCol16": 5,
            "spanLeftOffsetCodeStartLine": 0,
            "spanLeftOffsetCodeStartUtf8": 5,
            "token": {
              "codeLenLineChars16": 4,
              "codeLenNewlines": 0,
              "codeStartCol16": 5,
              "codeStartLine": 0,
              "codeStartUtf8": 5,
              "isFree": false,
              "isOperatorLexically": false,
              "isTypeOrConstructor": false,
              "leftOffsetCodeLenLineChars16": 0,
              "leftOffsetCodeLenNewlines": 0,
              "leftOffsetCodeStartCol16": 5,
              "leftOffsetCodeStartLine": 0,
              "leftOffsetCodeStartUtf8": 5,
              "lengthInCodeBuffer": 4,
              "liftLevel": 0,
              "startInCodeBuffer": 5,
              "type": "Ident",
              "whitespaceLengthInCodeBuffer": 0,
              "whitespaceStartInCodeBuffer": 5,
            },
            "type": "Ident",
            "whitespaceLengthInCodeParsed": 0,
            "whitespaceStartInCodeParsed": 5,
          },
          "spanCodeLengthLineChars16": 9,
          "spanCodeLengthNewlines": 0,
          "spanLeftOffsetCodeLenLineChars16": 0,
          "spanLeftOffsetCodeLenNewlines": 0,
          "spanLeftOffsetCodeStartCol16": 0,
          "spanLeftOffsetCodeStartLine": 0,
          "spanLeftOffsetCodeStartUtf8": 0,
          "type": "OprApp",
          "whitespaceLengthInCodeParsed": 0,
          "whitespaceStartInCodeParsed": 0,
        },
        "spanCodeLengthLineChars16": 14,
        "spanCodeLengthNewlines": 0,
        "spanLeftOffsetCodeLenLineChars16": 0,
        "spanLeftOffsetCodeLenNewlines": 0,
        "spanLeftOffsetCodeStartCol16": 0,
        "spanLeftOffsetCodeStartLine": 0,
        "spanLeftOffsetCodeStartUtf8": 0,
        "type": "App",
        "whitespaceLengthInCodeParsed": 0,
        "whitespaceStartInCodeParsed": 0,
      },
      "newline": {
        "codeLenLineChars16": 0,
        "codeLenNewlines": 0,
        "codeStartCol16": 0,
        "codeStartLine": 0,
        "codeStartUtf8": 0,
        "leftOffsetCodeLenLineChars16": 0,
        "leftOffsetCodeLenNewlines": 0,
        "leftOffsetCodeStartCol16": 0,
        "leftOffsetCodeStartLine": 0,
        "leftOffsetCodeStartUtf8": 0,
        "lengthInCodeBuffer": 0,
        "startInCodeBuffer": 0,
        "type": "Newline",
        "whitespaceLengthInCodeBuffer": 0,
        "whitespaceStartInCodeBuffer": 0,
      },
    },
    {
      "expression": {
        "childrenLengthInCodeParsed": 5,
        "lhs": {
          "base": undefined,
          "childrenLengthInCodeParsed": 1,
          "fractionalDigits": undefined,
          "integer": {
            "base": undefined,
            "codeLenLineChars16": 1,
            "codeLenNewlines": 0,
            "codeStartCol16": 0,
            "codeStartLine": 1,
            "codeStartUtf8": 15,
            "leftOffsetCodeLenLineChars16": 0,
            "leftOffsetCodeLenNewlines": 0,
            "leftOffsetCodeStartCol16": 0,
            "leftOffsetCodeStartLine": 1,
            "leftOffsetCodeStartUtf8": 15,
            "lengthInCodeBuffer": 1,
            "startInCodeBuffer": 15,
            "type": "Digits",
            "whitespaceLengthInCodeBuffer": 0,
            "whitespaceStartInCodeBuffer": 15,
          },
          "spanCodeLengthLineChars16": 1,
          "spanCodeLengthNewlines": 0,
          "spanLeftOffsetCodeLenLineChars16": 0,
          "spanLeftOffsetCodeLenNewlines": 0,
          "spanLeftOffsetCodeStartCol16": 0,
          "spanLeftOffsetCodeStartLine": 1,
          "spanLeftOffsetCodeStartUtf8": 15,
          "type": "Number",
          "whitespaceLengthInCodeParsed": 0,
          "whitespaceStartInCodeParsed": 15,
        },
        "opr": {
          "ok": true,
          "value": {
            "codeLenLineChars16": 1,
            "codeLenNewlines": 0,
            "codeStartCol16": 2,
            "codeStartLine": 1,
            "codeStartUtf8": 17,
            "leftOffsetCodeLenLineChars16": 1,
            "leftOffsetCodeLenNewlines": 0,
            "leftOffsetCodeStartCol16": 1,
            "leftOffsetCodeStartLine": 1,
            "leftOffsetCodeStartUtf8": 16,
            "lengthInCodeBuffer": 1,
            "startInCodeBuffer": 17,
            "type": "Operator",
            "whitespaceLengthInCodeBuffer": 1,
            "whitespaceStartInCodeBuffer": 16,
          },
        },
        "rhs": {
          "base": undefined,
          "childrenLengthInCodeParsed": 1,
          "fractionalDigits": undefined,
          "integer": {
            "base": undefined,
            "codeLenLineChars16": 1,
            "codeLenNewlines": 0,
            "codeStartCol16": 4,
            "codeStartLine": 1,
            "codeStartUtf8": 19,
            "leftOffsetCodeLenLineChars16": 0,
            "leftOffsetCodeLenNewlines": 0,
            "leftOffsetCodeStartCol16": 4,
            "leftOffsetCodeStartLine": 1,
            "leftOffsetCodeStartUtf8": 19,
            "lengthInCodeBuffer": 1,
            "startInCodeBuffer": 19,
            "type": "Digits",
            "whitespaceLengthInCodeBuffer": 0,
            "whitespaceStartInCodeBuffer": 19,
          },
          "spanCodeLengthLineChars16": 1,
          "spanCodeLengthNewlines": 0,
          "spanLeftOffsetCodeLenLineChars16": 1,
          "spanLeftOffsetCodeLenNewlines": 0,
          "spanLeftOffsetCodeStartCol16": 3,
          "spanLeftOffsetCodeStartLine": 1,
          "spanLeftOffsetCodeStartUtf8": 18,
          "type": "Number",
          "whitespaceLengthInCodeParsed": 1,
          "whitespaceStartInCodeParsed": 18,
        },
        "spanCodeLengthLineChars16": 5,
        "spanCodeLengthNewlines": 0,
        "spanLeftOffsetCodeLenLineChars16": 0,
        "spanLeftOffsetCodeLenNewlines": 0,
        "spanLeftOffsetCodeStartCol16": 0,
        "spanLeftOffsetCodeStartLine": 1,
        "spanLeftOffsetCodeStartUtf8": 15,
        "type": "OprApp",
        "whitespaceLengthInCodeParsed": 0,
        "whitespaceStartInCodeParsed": 15,
      },
      "newline": {
        "codeLenLineChars16": 0,
        "codeLenNewlines": 1,
        "codeStartCol16": 14,
        "codeStartLine": 0,
        "codeStartUtf8": 14,
        "leftOffsetCodeLenLineChars16": 0,
        "leftOffsetCodeLenNewlines": 0,
        "leftOffsetCodeStartCol16": 14,
        "leftOffsetCodeStartLine": 0,
        "leftOffsetCodeStartUtf8": 14,
        "lengthInCodeBuffer": 1,
        "startInCodeBuffer": 14,
        "type": "Newline",
        "whitespaceLengthInCodeBuffer": 0,
        "whitespaceStartInCodeBuffer": 14,
      },
    },
  ],
  "type": "BodyBlock",
  "whitespaceLengthInCodeParsed": 0,
  "whitespaceStartInCodeParsed": 0,
}
`;

exports[`Parsing 'foo bar
' 1`] = `
{
  "childrenLengthInCodeParsed": 8,
  "spanCodeLengthLineChars16": 0,
  "spanCodeLengthNewlines": 1,
  "spanLeftOffsetCodeLenLineChars16": 0,
  "spanLeftOffsetCodeLenNewlines": 0,
  "spanLeftOffsetCodeStartCol16": 0,
  "spanLeftOffsetCodeStartLine": 0,
  "spanLeftOffsetCodeStartUtf8": 0,
  "statements": [
    {
      "expression": {
        "arg": {
          "childrenLengthInCodeParsed": 3,
          "spanCodeLengthLineChars16": 3,
          "spanCodeLengthNewlines": 0,
          "spanLeftOffsetCodeLenLineChars16": 1,
          "spanLeftOffsetCodeLenNewlines": 0,
          "spanLeftOffsetCodeStartCol16": 3,
          "spanLeftOffsetCodeStartLine": 0,
          "spanLeftOffsetCodeStartUtf8": 3,
          "token": {
            "codeLenLineChars16": 3,
            "codeLenNewlines": 0,
            "codeStartCol16": 4,
            "codeStartLine": 0,
            "codeStartUtf8": 4,
            "isFree": false,
            "isOperatorLexically": false,
            "isTypeOrConstructor": false,
            "leftOffsetCodeLenLineChars16": 0,
            "leftOffsetCodeLenNewlines": 0,
            "leftOffsetCodeStartCol16": 4,
            "leftOffsetCodeStartLine": 0,
            "leftOffsetCodeStartUtf8": 4,
            "lengthInCodeBuffer": 3,
            "liftLevel": 0,
            "startInCodeBuffer": 4,
            "type": "Ident",
            "whitespaceLengthInCodeBuffer": 0,
            "whitespaceStartInCodeBuffer": 4,
          },
          "type": "Ident",
          "whitespaceLengthInCodeParsed": 1,
          "whitespaceStartInCodeParsed": 3,
        },
        "childrenLengthInCodeParsed": 7,
        "func": {
          "childrenLengthInCodeParsed": 3,
          "spanCodeLengthLineChars16": 3,
          "spanCodeLengthNewlines": 0,
          "spanLeftOffsetCodeLenLineChars16": 0,
          "spanLeftOffsetCodeLenNewlines": 0,
          "spanLeftOffsetCodeStartCol16": 0,
          "spanLeftOffsetCodeStartLine": 0,
          "spanLeftOffsetCodeStartUtf8": 0,
          "token": {
            "codeLenLineChars16": 3,
            "codeLenNewlines": 0,
            "codeStartCol16": 0,
            "codeStartLine": 0,
            "codeStartUtf8": 0,
            "isFree": false,
            "isOperatorLexically": false,
            "isTypeOrConstructor": false,
            "leftOffsetCodeLenLineChars16": 0,
            "leftOffsetCodeLenNewlines": 0,
            "leftOffsetCodeStartCol16": 0,
            "leftOffsetCodeStartLine": 0,
            "leftOffsetCodeStartUtf8": 0,
            "lengthInCodeBuffer": 3,
            "liftLevel": 0,
            "startInCodeBuffer": 0,
            "type": "Ident",
            "whitespaceLengthInCodeBuffer": 0,
            "whitespaceStartInCodeBuffer": 0,
          },
          "type": "Ident",
          "whitespaceLengthInCodeParsed": 0,
          "whitespaceStartInCodeParsed": 0,
        },
        "spanCodeLengthLineChars16": 7,
        "spanCodeLengthNewlines": 0,
        "spanLeftOffsetCodeLenLineChars16": 0,
        "spanLeftOffsetCodeLenNewlines": 0,
        "spanLeftOffsetCodeStartCol16": 0,
        "spanLeftOffsetCodeStartLine": 0,
        "spanLeftOffsetCodeStartUtf8": 0,
        "type": "App",
        "whitespaceLengthInCodeParsed": 0,
        "whitespaceStartInCodeParsed": 0,
      },
      "newline": {
        "codeLenLineChars16": 0,
        "codeLenNewlines": 0,
        "codeStartCol16": 0,
        "codeStartLine": 0,
        "codeStartUtf8": 0,
        "leftOffsetCodeLenLineChars16": 0,
        "leftOffsetCodeLenNewlines": 0,
        "leftOffsetCodeStartCol16": 0,
        "leftOffsetCodeStartLine": 0,
        "leftOffsetCodeStartUtf8": 0,
        "lengthInCodeBuffer": 0,
        "startInCodeBuffer": 0,
        "type": "Newline",
        "whitespaceLengthInCodeBuffer": 0,
        "whitespaceStartInCodeBuffer": 0,
      },
    },
    {
      "expression": undefined,
      "newline": {
        "codeLenLineChars16": 0,
        "codeLenNewlines": 1,
        "codeStartCol16": 7,
        "codeStartLine": 0,
        "codeStartUtf8": 7,
        "leftOffsetCodeLenLineChars16": 0,
        "leftOffsetCodeLenNewlines": 0,
        "leftOffsetCodeStartCol16": 7,
        "leftOffsetCodeStartLine": 0,
        "leftOffsetCodeStartUtf8": 7,
        "lengthInCodeBuffer": 1,
        "startInCodeBuffer": 7,
        "type": "Newline",
        "whitespaceLengthInCodeBuffer": 0,
        "whitespaceStartInCodeBuffer": 7,
      },
    },
  ],
  "type": "BodyBlock",
  "whitespaceLengthInCodeParsed": 0,
  "whitespaceStartInCodeParsed": 0,
}
`;

exports[`Parsing 'foo bar=baz' 1`] = `
{
  "childrenLengthInCodeParsed": 11,
  "spanCodeLengthLineChars16": 11,
  "spanCodeLengthNewlines": 0,
  "spanLeftOffsetCodeLenLineChars16": 0,
  "spanLeftOffsetCodeLenNewlines": 0,
  "spanLeftOffsetCodeStartCol16": 0,
  "spanLeftOffsetCodeStartLine": 0,
  "spanLeftOffsetCodeStartUtf8": 0,
  "statements": [
    {
      "expression": {
        "arg": {
          "childrenLengthInCodeParsed": 3,
          "spanCodeLengthLineChars16": 3,
          "spanCodeLengthNewlines": 0,
          "spanLeftOffsetCodeLenLineChars16": 0,
          "spanLeftOffsetCodeLenNewlines": 0,
          "spanLeftOffsetCodeStartCol16": 8,
          "spanLeftOffsetCodeStartLine": 0,
          "spanLeftOffsetCodeStartUtf8": 8,
          "token": {
            "codeLenLineChars16": 3,
            "codeLenNewlines": 0,
            "codeStartCol16": 8,
            "codeStartLine": 0,
            "codeStartUtf8": 8,
            "isFree": false,
            "isOperatorLexically": false,
            "isTypeOrConstructor": false,
            "leftOffsetCodeLenLineChars16": 0,
            "leftOffsetCodeLenNewlines": 0,
            "leftOffsetCodeStartCol16": 8,
            "leftOffsetCodeStartLine": 0,
            "leftOffsetCodeStartUtf8": 8,
            "lengthInCodeBuffer": 3,
            "liftLevel": 0,
            "startInCodeBuffer": 8,
            "type": "Ident",
            "whitespaceLengthInCodeBuffer": 0,
            "whitespaceStartInCodeBuffer": 8,
          },
          "type": "Ident",
          "whitespaceLengthInCodeParsed": 0,
          "whitespaceStartInCodeParsed": 8,
        },
        "childrenLengthInCodeParsed": 11,
        "close": undefined,
        "equals": {
          "codeLenLineChars16": 1,
          "codeLenNewlines": 0,
          "codeStartCol16": 7,
          "codeStartLine": 0,
          "codeStartUtf8": 7,
          "leftOffsetCodeLenLineChars16": 0,
          "leftOffsetCodeLenNewlines": 0,
          "leftOffsetCodeStartCol16": 7,
          "leftOffsetCodeStartLine": 0,
          "leftOffsetCodeStartUtf8": 7,
          "lengthInCodeBuffer": 1,
          "startInCodeBuffer": 7,
          "type": "Operator",
          "whitespaceLengthInCodeBuffer": 0,
          "whitespaceStartInCodeBuffer": 7,
        },
        "func": {
          "childrenLengthInCodeParsed": 3,
          "spanCodeLengthLineChars16": 3,
          "spanCodeLengthNewlines": 0,
          "spanLeftOffsetCodeLenLineChars16": 0,
          "spanLeftOffsetCodeLenNewlines": 0,
          "spanLeftOffsetCodeStartCol16": 0,
          "spanLeftOffsetCodeStartLine": 0,
          "spanLeftOffsetCodeStartUtf8": 0,
          "token": {
            "codeLenLineChars16": 3,
            "codeLenNewlines": 0,
            "codeStartCol16": 0,
            "codeStartLine": 0,
            "codeStartUtf8": 0,
            "isFree": false,
            "isOperatorLexically": false,
            "isTypeOrConstructor": false,
            "leftOffsetCodeLenLineChars16": 0,
            "leftOffsetCodeLenNewlines": 0,
            "leftOffsetCodeStartCol16": 0,
            "leftOffsetCodeStartLine": 0,
            "leftOffsetCodeStartUtf8": 0,
            "lengthInCodeBuffer": 3,
            "liftLevel": 0,
            "startInCodeBuffer": 0,
            "type": "Ident",
            "whitespaceLengthInCodeBuffer": 0,
            "whitespaceStartInCodeBuffer": 0,
          },
          "type": "Ident",
          "whitespaceLengthInCodeParsed": 0,
          "whitespaceStartInCodeParsed": 0,
        },
        "name": {
          "codeLenLineChars16": 3,
          "codeLenNewlines": 0,
          "codeStartCol16": 4,
          "codeStartLine": 0,
          "codeStartUtf8": 4,
          "isFree": false,
          "isOperatorLexically": false,
          "isTypeOrConstructor": false,
          "leftOffsetCodeLenLineChars16": 1,
          "leftOffsetCodeLenNewlines": 0,
          "leftOffsetCodeStartCol16": 3,
          "leftOffsetCodeStartLine": 0,
          "leftOffsetCodeStartUtf8": 3,
          "lengthInCodeBuffer": 3,
          "liftLevel": 0,
          "startInCodeBuffer": 4,
          "type": "Ident",
          "whitespaceLengthInCodeBuffer": 1,
          "whitespaceStartInCodeBuffer": 3,
        },
        "open": undefined,
        "spanCodeLengthLineChars16": 11,
        "spanCodeLengthNewlines": 0,
        "spanLeftOffsetCodeLenLineChars16": 0,
        "spanLeftOffsetCodeLenNewlines": 0,
        "spanLeftOffsetCodeStartCol16": 0,
        "spanLeftOffsetCodeStartLine": 0,
        "spanLeftOffsetCodeStartUtf8": 0,
        "type": "NamedApp",
        "whitespaceLengthInCodeParsed": 0,
        "whitespaceStartInCodeParsed": 0,
      },
      "newline": {
        "codeLenLineChars16": 0,
        "codeLenNewlines": 0,
        "codeStartCol16": 0,
        "codeStartLine": 0,
        "codeStartUtf8": 0,
        "leftOffsetCodeLenLineChars16": 0,
        "leftOffsetCodeLenNewlines": 0,
        "leftOffsetCodeStartCol16": 0,
        "leftOffsetCodeStartLine": 0,
        "leftOffsetCodeStartUtf8": 0,
        "lengthInCodeBuffer": 0,
        "startInCodeBuffer": 0,
        "type": "Newline",
        "whitespaceLengthInCodeBuffer": 0,
        "whitespaceStartInCodeBuffer": 0,
      },
    },
  ],
  "type": "BodyBlock",
  "whitespaceLengthInCodeParsed": 0,
  "whitespaceStartInCodeParsed": 0,
}
`;
